Microchip MPLAB XC8 Compiler V2.40

Linker command line:

-W-3 \
  --edf=C:\Program Files\Microchip\xc8\v2.40\pic\dat\20220703182018_en.msgs \
  -cn -h+dist/default/production\emg.X.production.sym \
  --cmf=dist/default/production\emg.X.production.cmf -z -Q18F87K22 \
  -oC:\Users\Sanja\AppData\Local\Temp\xcAsdok.4 --defsym=__MPLAB_BUILD=1 \
  --fixupoverflow=error -Mdist/default/production/emg.X.production.map \
  --md=C:\Users\Sanja\AppData\Local\Temp\xcAsdok.dat -E1 -ver=XC8 Compiler \
  --acfsm=1493 -ACODE=00h-01FFFFh -ACONST=00h-01FFFFh \
  -ASMALLCONST=01000h-010FFhx496 \
  -AMEDIUMCONST=01000h-0FFFFh,011000h-01FFFFh -ACOMRAM=01h-05Fh \
  -AABS1=00h-0F15h -ABIGRAM=01h-0F15h \
  -ARAM=060h-0FFh,0100h-01FFhx14,0F00h-0F15h -ABANK0=060h-0FFh \
  -ABANK1=0100h-01FFh -ABANK2=0200h-02FFh -ABANK3=0300h-03FFh \
  -ABANK4=0400h-04FFh -ABANK5=0500h-05FFh -ABANK6=0600h-06FFh \
  -ABANK7=0700h-07FFh -ABANK8=0800h-08FFh -ABANK9=0900h-09FFh \
  -ABANK10=0A00h-0AFFh -ABANK11=0B00h-0BFFh -ABANK12=0C00h-0CFFh \
  -ABANK13=0D00h-0DFFh -ABANK14=0E00h-0EFFh -ABANK15=0F00h-0F15h \
  -ASFR=0F16h-0F5Fh,0F60h-0FFFh -ABIGSFR=0F16h-0FFFh \
  -ACONFIG=0300000h-030000Dh -AIDLOC=0200000h-0200007h \
  -AEEDATA=0F00000h-0F003FFh -peeprom_data=EEDATA \
  -preset_vec=00h,intcode=08h,intcodelo,powerup,init -pramtop=01000h \
  -psmallconst=SMALLCONST -pmediumconst=MEDIUMCONST -pconst=CONST \
  -AFARRAM=00h-00h \
  -prdata=COMRAM,nvrram=COMRAM,nvbit=COMRAM,rbss=COMRAM,rbit=COMRAM \
  -pfarbss=FARRAM,fardata=FARRAM,nvFARRAM=FARRAM \
  -pintsave_regs=BIGRAM,bigbss=BIGRAM,bigdata=BIGRAM -pbss=RAM \
  -pidata=CODE,irdata=CODE,ibigdata=CODE,ifardata=CODE -prparam=COMRAM \
  C:\Users\Sanja\AppData\Local\Temp\xcAsdok.o \
  dist/default/production\emg.X.production.o 

Object code version is 3.11

Machine type is 18F87K22



                Name                               Link     Load   Length Selector   Space Scale
C:\Users\Sanja\AppData\Local\Temp\xcAsdok.o
                idloc                            200000   200000        8        0       5
                config                           300000   300000        E        0       4
                init                                 74       74        4        4       0
                reset_vec                             0        0        4        0       0
dist/default/production\emg.X.production.o
                intcode                               8        8       6C        4       0
                idloc                            200000   200000        8        0       5
                config                           300000   300000        E        0       4
                temp                                 1D       1D        1        1       1
                text20                              318      318        2        4       0
                text19                              1FE      1FE       32        4       0
                text18                              30E      30E        6        4       0
                text17                              1C4      1C4       3A        4       0
                text15                              18A      18A       3A        4       0
                text14                              272      272       1A        4       0
                text13                              28C      28C       16        4       0
                text12                              300      300        E        4       0
                text11                              230      230       28        4       0
                text10                              2F2      2F2        E        4       0
                text9                               2E4      2E4        E        4       0
                text8                               2D6      2D6        E        4       0
                text7                                C6       C6       4A        4       0
                text6                               314      314        4        4       0
                text5                               2A2      2A2       14        4       0
                text4                               110      110       40        4       0
                text3                               2C8      2C8        E        4       0
                text2                               150      150       3A        4       0
                text1                               258      258       1A        4       0
                text0                                78       78       4E        4       0
                cstackCOMRAM                         12       12        7        1       1
                bssCOMRAM                            19       19        4        1       1
                cinit                               2B6      2B6       12        4       0
                nvCOMRAM                              1        1       11        1       1

TOTAL           Name                               Link     Load   Length     Space
        CLASS   CODE           
                intcode                               8        8       6C         0
                init                                 74       74        4         0
                reset_vec                             0        0        4         0
                text20                              318      318        2         0
                text19                              1FE      1FE       32         0
                text18                              30E      30E        6         0
                text17                              1C4      1C4       3A         0
                text15                              18A      18A       3A         0
                text14                              272      272       1A         0
                text13                              28C      28C       16         0
                text12                              300      300        E         0
                text11                              230      230       28         0
                text10                              2F2      2F2        E         0
                text9                               2E4      2E4        E         0
                text8                               2D6      2D6        E         0
                text7                                C6       C6       4A         0
                text6                               314      314        4         0
                text5                               2A2      2A2       14         0
                text4                               110      110       40         0
                text3                               2C8      2C8        E         0
                text2                               150      150       3A         0
                text1                               258      258       1A         0
                text0                                78       78       4E         0
                cinit                               2B6      2B6       12         0

        CLASS   CONST          

        CLASS   SMALLCONST     

        CLASS   MEDIUMCONST    

        CLASS   COMRAM         
                temp                                 1D       1D        1         1
                cstackCOMRAM                         12       12        7         1
                bssCOMRAM                            19       19        4         1
                nvCOMRAM                              1        1       11         1

        CLASS   ABS1           

        CLASS   BIGRAM         

        CLASS   RAM            

        CLASS   BANK0          

        CLASS   BANK1          

        CLASS   BANK2          

        CLASS   BANK3          

        CLASS   BANK4          

        CLASS   BANK5          

        CLASS   BANK6          

        CLASS   BANK7          

        CLASS   BANK8          

        CLASS   BANK9          

        CLASS   BANK10         

        CLASS   BANK11         

        CLASS   BANK12         

        CLASS   BANK13         

        CLASS   BANK14         

        CLASS   BANK15         

        CLASS   SFR            

        CLASS   BIGSFR         

        CLASS   CONFIG         
                config                           300000   300000        E         4

        CLASS   IDLOC          
                idloc                            200000   200000        8         5

        CLASS   EEDATA         

        CLASS   FARRAM         

        CLASS   HEAP           

        CLASS   STACK          



SEGMENTS        Name                           Load    Length   Top    Selector   Space  Class

                reset_vec                      000000  000004  000004         0       0  CODE    
                nvCOMRAM                       000001  00001D  00001E         1       1  COMRAM  
                intcode                        000008  000312  00031A         4       0  CODE    


UNUSED ADDRESS RANGES

        Name                Unused          Largest block    Delta
        BANK0            000060-0000FF               A0
        BANK1            000100-0001FF              100
        BANK10           000A00-000AFF              100
        BANK11           000B00-000BFF              100
        BANK12           000C00-000CFF              100
        BANK13           000D00-000DFF              100
        BANK14           000E00-000EFF              100
        BANK15           000F00-000F15               16
        BANK2            000200-0002FF              100
        BANK3            000300-0003FF              100
        BANK4            000400-0004FF              100
        BANK5            000500-0005FF              100
        BANK6            000600-0006FF              100
        BANK7            000700-0007FF              100
        BANK8            000800-0008FF              100
        BANK9            000900-0009FF              100
        BIGRAM           00001E-000F15              EF8
        BIGSFR           000F16-000FFF               EA
        CODE             000004-000007                4
                         00031A-01FFFF            1FCE6
        COMRAM           00001E-00005F               42
        CONST            000004-000007                4
                         00031A-01FFFF            1FCE6
        EEDATA           F00000-F003FF              400
        MEDIUMCONST      001000-00FFFF             F000
                         011000-01FFFF             F000
        RAM              000060-000F15              100
        SFR              000F16-000FFF               4A
        SMALLCONST       001000-01FFFF              100

                                  Symbol Table

?_ADC_GetConversion                             cstackCOMRAM 000014
ADC_GetConversion@channel                       cstackCOMRAM 000018
ADC_SetInterruptHandler@InterruptHandler        cstackCOMRAM 000014
ADC_StartConversion@channel                     cstackCOMRAM 000015
EUSART1_SetErrorHandler@interruptHandler        cstackCOMRAM 000014
EUSART1_SetFramingErrorHandler@interruptHandler cstackCOMRAM 000014
EUSART1_SetOverrunErrorHandler@interruptHandler cstackCOMRAM 000014
EUSART1_Write@txData                            cstackCOMRAM 000014
TMR0_SetInterruptHandler@InterruptHandler       cstackCOMRAM 000014
_ADCON0                                         (abs)        000FC2
_ADCON0bits                                     (abs)        000FC2
_ADCON1                                         (abs)        000FC1
_ADCON2                                         (abs)        000FC0
_ADC_DefaultInterruptHandler                    text20       000318
_ADC_GetConversion                              text15       00018A
_ADC_ISR                                        text19       0001FE
_ADC_Initialize                                 text11       000230
_ADC_InterruptHandler                           nvCOMRAM     00000D
_ADC_SetInterruptHandler                        text12       000300
_ADC_StartConversion                            text14       000272
_ADRESH                                         (abs)        000FC4
_ADRESL                                         (abs)        000FC3
_ANCON0                                         (abs)        000F25
_ANCON1                                         (abs)        000F24
_ANCON2                                         (abs)        000F23
_BAUDCON1                                       (abs)        000F65
_EUSART1_DefaultErrorHandler                    (abs)        000000
_EUSART1_DefaultFramingErrorHandler             (abs)        000000
_EUSART1_DefaultOverrunErrorHandler             (abs)        000000
_EUSART1_ErrorHandler                           nvCOMRAM     000004
_EUSART1_FramingErrorHandler                    nvCOMRAM     00000A
_EUSART1_Initialize                             text7        0000C6
_EUSART1_OverrunErrorHandler                    nvCOMRAM     000007
_EUSART1_SetErrorHandler                        text10       0002F2
_EUSART1_SetFramingErrorHandler                 text9        0002E4
_EUSART1_SetOverrunErrorHandler                 text8        0002D6
_EUSART1_Write                                  text13       00028C
_INTCONbits                                     (abs)        000FF2
_INTERRUPT_Initialize                           text6        000314
_INTERRUPT_InterruptManager                     intcode      000008
_LATA                                           (abs)        000F89
_LATB                                           (abs)        000F8A
_LATC                                           (abs)        000F8B
_LATD                                           (abs)        000F8C
_LATE                                           (abs)        000F8D
_LATF                                           (abs)        000F8E
_LATG                                           (abs)        000F8F
_LATH                                           (abs)        000F90
_OSCCON                                         (abs)        000FD3
_OSCCON2                                        (abs)        000F64
_OSCILLATOR_Initialize                          text5        0002A2
_OSCTUNE                                        (abs)        000F9B
_PIE1bits                                       (abs)        000F9D
_PIN_MANAGER_Initialize                         text4        000110
_PIR1bits                                       (abs)        000F9E
_RCONbits                                       (abs)        000FD0
_RCREG1                                         (abs)        000FAE
_RCSTA1                                         (abs)        000FAB
_RCSTA1bits                                     (abs)        000FAB
_REFOCON                                        (abs)        000F2A
_SPBRG1                                         (abs)        000FAF
_SPBRGH1                                        (abs)        000FD4
_SYSTEM_Initialize                              text1        000258
_T0CON                                          (abs)        000FD5
_T0CONbits                                      (abs)        000FD5
_TMR0H                                          (abs)        000FD7
_TMR0L                                          (abs)        000FD6
_TMR0_DefaultInterruptHandler                   text18       00030E
_TMR0_ISR                                       text17       0001C4
_TMR0_Initialize                                text2        000150
_TMR0_InterruptHandler                          nvCOMRAM     000001
_TMR0_SetInterruptHandler                       text3        0002C8
_TRISA                                          (abs)        000F92
_TRISB                                          (abs)        000F93
_TRISC                                          (abs)        000F94
_TRISD                                          (abs)        000F95
_TRISE                                          (abs)        000F96
_TRISF                                          (abs)        000F97
_TRISG                                          (abs)        000F98
_TRISH                                          (abs)        000F99
_TXREG1                                         (abs)        000FAD
_TXSTA1                                         (abs)        000FAC
_TXSTA1bits                                     (abs)        000FAC
__HRAM                                          (abs)        000000
__Habs1                                         abs1         000000
__Hbank0                                        bank0        000000
__Hbank1                                        bank1        000000
__Hbank10                                       bank10       000000
__Hbank11                                       bank11       000000
__Hbank12                                       bank12       000000
__Hbank13                                       bank13       000000
__Hbank14                                       bank14       000000
__Hbank15                                       bank15       000000
__Hbank2                                        bank2        000000
__Hbank3                                        bank3        000000
__Hbank4                                        bank4        000000
__Hbank5                                        bank5        000000
__Hbank6                                        bank6        000000
__Hbank7                                        bank7        000000
__Hbank8                                        bank8        000000
__Hbank9                                        bank9        000000
__Hbigbss                                       bigbss       000000
__Hbigdata                                      bigdata      000000
__Hbigram                                       bigram       000000
__Hbigsfr                                       bigsfr       000000
__Hbss                                          bss          000000
__HbssCOMRAM                                    bssCOMRAM    000000
__Hcinit                                        cinit        000000
__Hclrtext                                      clrtext      000000
__Hcomram                                       comram       000000
__Hconfig                                       config       30000E
__Hconst                                        const        000000
__HcstackCOMRAM                                 cstackCOMRAM 000000
__Hdata                                         data         000000
__Heeprom_data                                  eeprom_data  000000
__Hfarbss                                       farbss       000000
__Hfardata                                      fardata      000000
__Hheap                                         heap         000000
__Hibigdata                                     ibigdata     000000
__Hidata                                        idata        000000
__Hidloc                                        idloc        200008
__Hifardata                                     ifardata     000000
__Hinit                                         init         000078
__Hintcode                                      intcode      000074
__Hintcode_body                                 intcode_body 000000
__Hintcodelo                                    intcodelo    000074
__Hintentry                                     intentry     000000
__Hintret                                       intret       000000
__Hintsave_regs                                 intsave_regs 000000
__Hirdata                                       irdata       000000
__Hmediumconst                                  mediumconst  000000
__HnvCOMRAM                                     nvCOMRAM     000000
__HnvFARRAM                                     nvFARRAM     000000
__Hnvbit                                        nvbit        000000
__Hnvrram                                       nvrram       000000
__Hparam                                        rparam       000000
__Hpowerup                                      powerup      000074
__Hram                                          ram          000000
__Hramtop                                       ramtop       001000
__Hrbit                                         rbit         000000
__Hrbss                                         rbss         000000
__Hrdata                                        rdata        000000
__Hreset_vec                                    reset_vec    000004
__Hrparam                                       rparam       000000
__Hsfr                                          sfr          000000
__Hsmallconst                                   smallconst   000000
__Hspace_0                                      (abs)        001000
__Hspace_1                                      (abs)        00001E
__Hspace_2                                      (abs)        000000
__Hspace_4                                      (abs)        60000E
__Hstack                                        stack        000000
__Hstruct                                       struct       000000
__Htemp                                         temp         00001E
__Htext                                         text         000000
__Htext0                                        text0        000000
__Htext1                                        text1        000000
__Htext10                                       text10       000000
__Htext11                                       text11       000000
__Htext12                                       text12       000000
__Htext13                                       text13       000000
__Htext14                                       text14       000000
__Htext15                                       text15       000000
__Htext17                                       text17       000000
__Htext18                                       text18       000000
__Htext19                                       text19       000000
__Htext2                                        text2        000000
__Htext20                                       text20       000000
__Htext21                                       text21       000000
__Htext3                                        text3        000000
__Htext4                                        text4        000000
__Htext5                                        text5        000000
__Htext6                                        text6        000000
__Htext7                                        text7        000000
__Htext8                                        text8        000000
__Htext9                                        text9        000000
__LRAM                                          (abs)        000001
__Labs1                                         abs1         000000
__Lbank0                                        bank0        000000
__Lbank1                                        bank1        000000
__Lbank10                                       bank10       000000
__Lbank11                                       bank11       000000
__Lbank12                                       bank12       000000
__Lbank13                                       bank13       000000
__Lbank14                                       bank14       000000
__Lbank15                                       bank15       000000
__Lbank2                                        bank2        000000
__Lbank3                                        bank3        000000
__Lbank4                                        bank4        000000
__Lbank5                                        bank5        000000
__Lbank6                                        bank6        000000
__Lbank7                                        bank7        000000
__Lbank8                                        bank8        000000
__Lbank9                                        bank9        000000
__Lbigbss                                       bigbss       000000
__Lbigdata                                      bigdata      000000
__Lbigram                                       bigram       000000
__Lbigsfr                                       bigsfr       000000
__Lbss                                          bss          000000
__LbssCOMRAM                                    bssCOMRAM    000000
__Lcinit                                        cinit        000000
__Lclrtext                                      clrtext      000000
__Lcomram                                       comram       000000
__Lconfig                                       config       000000
__Lconst                                        const        000000
__LcstackCOMRAM                                 cstackCOMRAM 000000
__Ldata                                         data         000000
__Leeprom_data                                  eeprom_data  000000
__Lfarbss                                       farbss       000000
__Lfardata                                      fardata      000000
__Lheap                                         heap         000000
__Libigdata                                     ibigdata     000000
__Lidata                                        idata        000000
__Lidloc                                        idloc        000000
__Lifardata                                     ifardata     000000
__Linit                                         init         000074
__Lintcode                                      intcode      000008
__Lintcode_body                                 intcode_body 000000
__Lintcodelo                                    intcodelo    000074
__Lintentry                                     intentry     000000
__Lintret                                       intret       000000
__Lintsave_regs                                 intsave_regs 000000
__Lirdata                                       irdata       000000
__Lmediumconst                                  mediumconst  000000
__LnvCOMRAM                                     nvCOMRAM     000000
__LnvFARRAM                                     nvFARRAM     000000
__Lnvbit                                        nvbit        000000
__Lnvrram                                       nvrram       000000
__Lparam                                        rparam       000000
__Lpowerup                                      powerup      000074
__Lram                                          ram          000000
__Lramtop                                       ramtop       001000
__Lrbit                                         rbit         000000
__Lrbss                                         rbss         000000
__Lrdata                                        rdata        000000
__Lreset_vec                                    reset_vec    000000
__Lrparam                                       rparam       000000
__Lsfr                                          sfr          000000
__Lsmallconst                                   smallconst   000000
__Lspace_0                                      (abs)        000000
__Lspace_1                                      (abs)        000000
__Lspace_2                                      (abs)        000000
__Lspace_4                                      (abs)        000000
__Lstack                                        stack        000000
__Lstruct                                       struct       000000
__Ltemp                                         temp         00001D
__Ltext                                         text         000000
__Ltext0                                        text0        000000
__Ltext1                                        text1        000000
__Ltext10                                       text10       000000
__Ltext11                                       text11       000000
__Ltext12                                       text12       000000
__Ltext13                                       text13       000000
__Ltext14                                       text14       000000
__Ltext15                                       text15       000000
__Ltext17                                       text17       000000
__Ltext18                                       text18       000000
__Ltext19                                       text19       000000
__Ltext2                                        text2        000000
__Ltext20                                       text20       000000
__Ltext21                                       text21       000000
__Ltext3                                        text3        000000
__Ltext4                                        text4        000000
__Ltext5                                        text5        000000
__Ltext6                                        text6        000000
__Ltext7                                        text7        000000
__Ltext8                                        text8        000000
__Ltext9                                        text9        000000
__S0                                            (abs)        00031A
__S1                                            (abs)        00001E
__S4                                            (abs)        000000
__S5                                            (abs)        000000
___extmem_base                                  (abs)        020000
___heap_hi                                      (abs)        000000
___heap_lo                                      (abs)        000000
___inthi_sp                                     stack        000000
___intlo_sp                                     stack        000000
___param_bank                                   (abs)        000000
___rparam_used                                  (abs)        000001
___sp                                           stack        000000
__accesstop                                     (abs)        000060
__activetblptr                                  (abs)        000003
__end_of_ADC_DefaultInterruptHandler            text20       00031A
__end_of_ADC_GetConversion                      text15       0001C4
__end_of_ADC_ISR                                text19       000230
__end_of_ADC_Initialize                         text11       000258
__end_of_ADC_SetInterruptHandler                text12       00030E
__end_of_ADC_StartConversion                    text14       00028C
__end_of_EUSART1_Initialize                     text7        000110
__end_of_EUSART1_SetErrorHandler                text10       000300
__end_of_EUSART1_SetFramingErrorHandler         text9        0002F2
__end_of_EUSART1_SetOverrunErrorHandler         text8        0002E4
__end_of_EUSART1_Write                          text13       0002A2
__end_of_INTERRUPT_Initialize                   text6        000318
__end_of_INTERRUPT_InterruptManager             intcode      000074
__end_of_OSCILLATOR_Initialize                  text5        0002B6
__end_of_PIN_MANAGER_Initialize                 text4        000150
__end_of_SYSTEM_Initialize                      text1        000272
__end_of_TMR0_DefaultInterruptHandler           text18       000314
__end_of_TMR0_ISR                               text17       0001FE
__end_of_TMR0_Initialize                        text2        00018A
__end_of_TMR0_SetInterruptHandler               text3        0002D6
__end_of__initialization                        cinit        0002BE
__end_of_main                                   text0        0000C6
__initialization                                cinit        0002B6
__mediumconst                                   mediumconst  000000
__pbssCOMRAM                                    bssCOMRAM    000019
__pcinit                                        cinit        0002B6
__pcstackCOMRAM                                 cstackCOMRAM 000012
__pintcode                                      intcode      000008
__pnvCOMRAM                                     nvCOMRAM     000001
__ptext0                                        text0        000078
__ptext1                                        text1        000258
__ptext10                                       text10       0002F2
__ptext11                                       text11       000230
__ptext12                                       text12       000300
__ptext13                                       text13       00028C
__ptext14                                       text14       000272
__ptext15                                       text15       00018A
__ptext17                                       text17       0001C4
__ptext18                                       text18       00030E
__ptext19                                       text19       0001FE
__ptext2                                        text2        000150
__ptext20                                       text20       000318
__ptext21                                       text21       000000
__ptext3                                        text3        0002C8
__ptext4                                        text4        000110
__ptext5                                        text5        0002A2
__ptext6                                        text6        000314
__ptext7                                        text7        0000C6
__ptext8                                        text8        0002D6
__ptext9                                        text9        0002E4
__ramtop                                        ramtop       001000
__smallconst                                    smallconst   000000
_emg_data                                       bssCOMRAM    000019
_eusart1RxLastError                             bssCOMRAM    00001C
_main                                           text0        000078
_timer0ReloadVal                                nvCOMRAM     000010
_tmr0_flag                                      bssCOMRAM    00001B
btemp                                           temp         00001D
end_of_initialization                           cinit        0002BE
int$flags                                       temp         00001D
intlevel0                                       text         000000
intlevel1                                       text         000000
intlevel2                                       text         000000
intlevel3                                       text         000000
isa$std                                         (abs)        000001
isa$xinst                                       (abs)        000000
stackhi                                         (abs)        000000
stacklo                                         (abs)        000000
start                                           init         000074
start_initialization                            cinit        0002B6
ttemp5                                          temp         00001E
ttemp6                                          temp         000021
ttemp7                                          temp         000025
wtemp8                                          temp         00001E


MODULE INFORMATION

Module		Function		Class		Link	Load	Size
mcc_generated_files/interrupt_manager.c
		_INTERRUPT_Initialize		CODE           	0314	0000	4
		_INTERRUPT_InterruptManager		CODE           	0008	0000	108

mcc_generated_files/interrupt_manager.c estimated size: 112

mcc_generated_files/tmr0.c
		_TMR0_SetInterruptHandler		CODE           	02C8	0000	14
		_TMR0_DefaultInterruptHandler		CODE           	030E	0000	6
		_TMR0_ISR      		CODE           	01C4	0000	58
		_TMR0_Initialize		CODE           	0150	0000	58

mcc_generated_files/tmr0.c estimated size: 136

mcc_generated_files/pin_manager.c
		_PIN_MANAGER_Initialize		CODE           	0110	0000	64

mcc_generated_files/pin_manager.c estimated size: 64

mcc_generated_files/adc.c
		_ADC_DefaultInterruptHandler		CODE           	0318	0000	2
		_ADC_Initialize		CODE           	0230	0000	40
		_ADC_SetInterruptHandler		CODE           	0300	0000	14
		_ADC_GetConversion		CODE           	018A	0000	58
		_ADC_StartConversion		CODE           	0272	0000	26
		_ADC_ISR       		CODE           	01FE	0000	50

mcc_generated_files/adc.c estimated size: 190

shared
		__initialization		CODE           	02B6	0000	8

shared estimated size: 8

mcc_generated_files/eusart1.c
		_EUSART1_Initialize		CODE           	00C6	0000	74
		_EUSART1_SetFramingErrorHandler		CODE           	02E4	0000	14
		_EUSART1_SetOverrunErrorHandler		CODE           	02D6	0000	14
		_EUSART1_SetErrorHandler		CODE           	02F2	0000	14
		_EUSART1_Write 		CODE           	028C	0000	22

mcc_generated_files/eusart1.c estimated size: 138

mcc_generated_files/mcc.c
		_OSCILLATOR_Initialize		CODE           	02A2	0000	20
		_SYSTEM_Initialize		CODE           	0258	0000	26

mcc_generated_files/mcc.c estimated size: 46

main.c
		_main          		CODE           	0078	0000	78

main.c estimated size: 78

