Microchip MPLAB XC8 Compiler V2.40

Linker command line:

-W-3 \
  --edf=C:\Program Files\Microchip\xc8\v2.40\pic\dat\20220703182018_en.msgs \
  -cn -h+dist/default/production\ecg4.X.production.sym \
  --cmf=dist/default/production\ecg4.X.production.cmf -z -Q18F87K22 \
  -oC:\Users\Sanja\AppData\Local\Temp\xcAse84.4 --defsym=__MPLAB_BUILD=1 \
  --fixupoverflow=error -Mdist/default/production/ecg4.X.production.map \
  --md=C:\Users\Sanja\AppData\Local\Temp\xcAse84.dat -E1 -ver=XC8 Compiler \
  --acfsm=1493 -ACODE=00h-01FFFFh -ACONST=00h-01FFFFh \
  -ASMALLCONST=01000h-010FFhx496 \
  -AMEDIUMCONST=01000h-0FFFFh,011000h-01FFFFh -ACOMRAM=01h-05Fh \
  -AABS1=00h-0F15h -ABIGRAM=01h-0F15h \
  -ARAM=060h-0FFh,0100h-01FFhx14,0F00h-0F15h -ABANK0=060h-0FFh \
  -ABANK1=0100h-01FFh -ABANK2=0200h-02FFh -ABANK3=0300h-03FFh \
  -ABANK4=0400h-04FFh -ABANK5=0500h-05FFh -ABANK6=0600h-06FFh \
  -ABANK7=0700h-07FFh -ABANK8=0800h-08FFh -ABANK9=0900h-09FFh \
  -ABANK10=0A00h-0AFFh -ABANK11=0B00h-0BFFh -ABANK12=0C00h-0CFFh \
  -ABANK13=0D00h-0DFFh -ABANK14=0E00h-0EFFh -ABANK15=0F00h-0F15h \
  -ASFR=0F16h-0F5Fh,0F60h-0FFFh -ABIGSFR=0F16h-0FFFh \
  -ACONFIG=0300000h-030000Dh -AIDLOC=0200000h-0200007h \
  -AEEDATA=0F00000h-0F003FFh -peeprom_data=EEDATA \
  -preset_vec=00h,intcode=08h,intcodelo,powerup,init -pramtop=01000h \
  -psmallconst=SMALLCONST -pmediumconst=MEDIUMCONST -pconst=CONST \
  -AFARRAM=00h-00h \
  -prdata=COMRAM,nvrram=COMRAM,nvbit=COMRAM,rbss=COMRAM,rbit=COMRAM \
  -pfarbss=FARRAM,fardata=FARRAM,nvFARRAM=FARRAM \
  -pintsave_regs=BIGRAM,bigbss=BIGRAM,bigdata=BIGRAM -pbss=RAM \
  -pidata=CODE,irdata=CODE,ibigdata=CODE,ifardata=CODE -prparam=COMRAM \
  C:\Users\Sanja\AppData\Local\Temp\xcAse84.o \
  dist/default/production\ecg4.X.production.o 

Object code version is 3.11

Machine type is 18F87K22



                Name                               Link     Load   Length Selector   Space Scale
C:\Users\Sanja\AppData\Local\Temp\xcAse84.o
                idloc                            200000   200000        8        0       5
                config                           300000   300000        E        0       4
                init                                 B4       B4        4        4       0
                reset_vec                             0        0        4        0       0
dist/default/production\ecg4.X.production.o
                intcode                               8        8       AC        4       0
                idloc                            200000   200000        8        0       5
                config                           300000   300000        E        0       4
                temp                                 39       39        1        1       1
                smallconst                         1000     1000        A      800       0
                text28                             1558     1558       2A      805       0
                text27                             166A     166A        6      805       0
                text26                             1674     1674        2      805       0
                text25                             1662     1662        8      805       0
                text24                             114C     114C       C6      805       0
                text23                             14E8     14E8       42      805       0
                text21                             140A     140A       50      805       0
                text20                             164A     164A        E      805       0
                text19                             163C     163C        E      805       0
                text18                             162E     162E        E      805       0
                text17                             145A     145A       4A      805       0
                text16                             1620     1620        E      805       0
                text15                             1612     1612        E      805       0
                text14                             1604     1604        E      805       0
                text13                             15F6     15F6        E      805       0
                text12                             15E8     15E8        E      805       0
                text11                             12A8     12A8       8A      805       0
                text10                             1670     1670        4      805       0
                text9                              15D4     15D4       14      805       0
                text8                              14A4     14A4       44      805       0
                text7                              15BE     15BE       16      805       0
                text6                              15A8     15A8       16      805       0
                text5                              1658     1658        A      805       0
                text4                              1212     1212       96      805       0
                text3                              1332     1332       86      805       0
                text2                              13B8     13B8       52      805       0
                text1                              1582     1582       26      805       0
                text0                              100A     100A      142      805       0
                cstackCOMRAM                          1        1       23        1       1
                cstackBANK0                          C0       C0       24       60       1
                bssBANK1                            100      100       40      100       1
                bssBANK0                             60       60       60       60       1
                bssCOMRAM                            24       24       14        1       1
                cinit                              152A     152A       2E      805       0
                nvBANK0                              E4       E4       18       60       1
                nvCOMRAM                             38       38        1        1       1

TOTAL           Name                               Link     Load   Length     Space
        CLASS   CODE           
                intcode                               8        8       AC         0
                init                                 B4       B4        4         0
                reset_vec                             0        0        4         0
                text28                             1558     1558       2A         0
                text27                             166A     166A        6         0
                text26                             1674     1674        2         0
                text25                             1662     1662        8         0
                text24                             114C     114C       C6         0
                text23                             14E8     14E8       42         0
                text21                             140A     140A       50         0
                text20                             164A     164A        E         0
                text19                             163C     163C        E         0
                text18                             162E     162E        E         0
                text17                             145A     145A       4A         0
                text16                             1620     1620        E         0
                text15                             1612     1612        E         0
                text14                             1604     1604        E         0
                text13                             15F6     15F6        E         0
                text12                             15E8     15E8        E         0
                text11                             12A8     12A8       8A         0
                text10                             1670     1670        4         0
                text9                              15D4     15D4       14         0
                text8                              14A4     14A4       44         0
                text7                              15BE     15BE       16         0
                text6                              15A8     15A8       16         0
                text5                              1658     1658        A         0
                text4                              1212     1212       96         0
                text3                              1332     1332       86         0
                text2                              13B8     13B8       52         0
                text1                              1582     1582       26         0
                text0                              100A     100A      142         0
                cinit                              152A     152A       2E         0

        CLASS   CONST          

        CLASS   SMALLCONST     
                smallconst                         1000     1000        A         0

        CLASS   MEDIUMCONST    

        CLASS   COMRAM         
                temp                                 39       39        1         1
                cstackCOMRAM                          1        1       23         1
                bssCOMRAM                            24       24       14         1
                nvCOMRAM                             38       38        1         1

        CLASS   ABS1           

        CLASS   BIGRAM         

        CLASS   RAM            

        CLASS   BANK0          
                cstackBANK0                          C0       C0       24         1
                bssBANK0                             60       60       60         1
                nvBANK0                              E4       E4       18         1

        CLASS   BANK1          
                bssBANK1                            100      100       40         1

        CLASS   BANK2          

        CLASS   BANK3          

        CLASS   BANK4          

        CLASS   BANK5          

        CLASS   BANK6          

        CLASS   BANK7          

        CLASS   BANK8          

        CLASS   BANK9          

        CLASS   BANK10         

        CLASS   BANK11         

        CLASS   BANK12         

        CLASS   BANK13         

        CLASS   BANK14         

        CLASS   BANK15         

        CLASS   SFR            

        CLASS   BIGSFR         

        CLASS   CONFIG         
                config                           300000   300000        E         4

        CLASS   IDLOC          
                idloc                            200000   200000        8         5

        CLASS   EEDATA         

        CLASS   FARRAM         

        CLASS   HEAP           

        CLASS   STACK          



SEGMENTS        Name                           Load    Length   Top    Selector   Space  Class

                reset_vec                      000000  000004  000004         0       0  CODE    
                cstackCOMRAM                   000001  000039  00003A         1       1  COMRAM  
                intcode                        000008  0000B0  0000B8         4       0  CODE    
                bssBANK0                       000060  00009C  0000FC        60       1  BANK0   
                bssBANK1                       000100  000040  000140       100       1  BANK1   
                smallconst                     001000  00000A  00100A       800       0  SMALLCON
                text0                          00100A  00066C  001676       805       0  CODE    


UNUSED ADDRESS RANGES

        Name                Unused          Largest block    Delta
        BANK0            0000FC-0000FF                4
        BANK1            000140-0001FF               C0
        BANK10           000A00-000AFF              100
        BANK11           000B00-000BFF              100
        BANK12           000C00-000CFF              100
        BANK13           000D00-000DFF              100
        BANK14           000E00-000EFF              100
        BANK15           000F00-000F15               16
        BANK2            000200-0002FF              100
        BANK3            000300-0003FF              100
        BANK4            000400-0004FF              100
        BANK5            000500-0005FF              100
        BANK6            000600-0006FF              100
        BANK7            000700-0007FF              100
        BANK8            000800-0008FF              100
        BANK9            000900-0009FF              100
        BIGRAM           00003A-00005F               26
                         0000FC-0000FF                4
                         000140-000F15              DD6
        BIGSFR           000F16-000FFF               EA
        CODE             000004-000007                4
                         0000B8-000FFF              F48
                         001676-01FFFF            1E98A
        COMRAM           00003A-00005F               26
        CONST            000004-000007                4
                         0000B8-000FFF              F48
                         001676-01FFFF            1E98A
        EEDATA           F00000-F003FF              400
        MEDIUMCONST      001676-00FFFF             E98A
                         011000-01FFFF             F000
        RAM              0000FC-0000FF                4
                         000140-000F15              100
        SFR              000F16-000FFF               4A
        SMALLCONST       001676-01FFFF              100

                                  Symbol Table

?_printf                                        cstackCOMRAM 00001E
?_vfprintf                                      cstackCOMRAM 000016
EUSART1_SetErrorHandler@interruptHandler        cstackCOMRAM 000005
EUSART1_SetFramingErrorHandler@interruptHandler cstackCOMRAM 000005
EUSART1_SetOverrunErrorHandler@interruptHandler cstackCOMRAM 000005
EUSART1_Write@txData                            cstackCOMRAM 000005
EUSART2_Read@readValue                          cstackCOMRAM 000005
EUSART2_SetErrorHandler@interruptHandler        cstackCOMRAM 000005
EUSART2_SetFramingErrorHandler@interruptHandler cstackCOMRAM 000005
EUSART2_SetOverrunErrorHandler@interruptHandler cstackCOMRAM 000005
EUSART2_SetRxInterruptHandler@interruptHandler  cstackCOMRAM 000005
EUSART2_SetTxInterruptHandler@interruptHandler  cstackCOMRAM 000005
_ANCON0                                         (abs)        000F25
_ANCON1                                         (abs)        000F24
_ANCON2                                         (abs)        000F23
_BAUDCON1                                       (abs)        000F65
_BAUDCON2                                       (abs)        000F20
_EUSART1_DefaultErrorHandler                    (abs)        000000
_EUSART1_DefaultFramingErrorHandler             (abs)        000000
_EUSART1_DefaultOverrunErrorHandler             (abs)        000000
_EUSART1_ErrorHandler                           nvBANK0      0000E4
_EUSART1_FramingErrorHandler                    nvBANK0      0000EA
_EUSART1_Initialize                             text17       00145A
_EUSART1_OverrunErrorHandler                    nvBANK0      0000E7
_EUSART1_SetErrorHandler                        text20       00164A
_EUSART1_SetFramingErrorHandler                 text19       00163C
_EUSART1_SetOverrunErrorHandler                 text18       00162E
_EUSART1_Write                                  text6        0015A8
_EUSART2_DefaultErrorHandler                    text27       00166A
_EUSART2_DefaultFramingErrorHandler             text26       001674
_EUSART2_DefaultOverrunErrorHandler             text25       001662
_EUSART2_ErrorHandler                           nvBANK0      0000ED
_EUSART2_FramingErrorHandler                    nvBANK0      0000F3
_EUSART2_Initialize                             text11       0012A8
_EUSART2_OverrunErrorHandler                    nvBANK0      0000F0
_EUSART2_Read                                   text21       00140A
_EUSART2_Receive_ISR                            text24       00114C
_EUSART2_RxDataHandler                          text28       001558
_EUSART2_RxDefaultInterruptHandler              nvBANK0      0000F6
_EUSART2_SetErrorHandler                        text16       001620
_EUSART2_SetFramingErrorHandler                 text15       001612
_EUSART2_SetOverrunErrorHandler                 text14       001604
_EUSART2_SetRxInterruptHandler                  text13       0015F6
_EUSART2_SetTxInterruptHandler                  text12       0015E8
_EUSART2_Transmit_ISR                           text23       0014E8
_EUSART2_TxDefaultInterruptHandler              nvBANK0      0000F9
_INTCONbits                                     (abs)        000FF2
_INTERRUPT_Initialize                           text10       001670
_INTERRUPT_InterruptManager                     intcode      000008
_LATA                                           (abs)        000F89
_LATB                                           (abs)        000F8A
_LATC                                           (abs)        000F8B
_LATD                                           (abs)        000F8C
_LATE                                           (abs)        000F8D
_LATEbits                                       (abs)        000F8D
_LATF                                           (abs)        000F8E
_LATG                                           (abs)        000F8F
_LATH                                           (abs)        000F90
_OSCCON                                         (abs)        000FD3
_OSCCON2                                        (abs)        000F64
_OSCILLATOR_Initialize                          text9        0015D4
_OSCTUNE                                        (abs)        000F9B
_PIE3bits                                       (abs)        000FA3
_PIN_MANAGER_Initialize                         text8        0014A4
_PIR1bits                                       (abs)        000F9E
_PIR3bits                                       (abs)        000FA4
_RCONbits                                       (abs)        000FD0
_RCREG1                                         (abs)        000FAE
_RCREG2                                         (abs)        000F1D
_RCSTA1                                         (abs)        000FAB
_RCSTA1bits                                     (abs)        000FAB
_RCSTA2                                         (abs)        000F22
_RCSTA2bits                                     (abs)        000F22
_REFOCON                                        (abs)        000F2A
_SPBRG1                                         (abs)        000FAF
_SPBRG2                                         (abs)        000F1E
_SPBRGH1                                        (abs)        000FD4
_SPBRGH2                                        (abs)        000F1F
_SYSTEM_Initialize                              text7        0015BE
_TRISA                                          (abs)        000F92
_TRISB                                          (abs)        000F93
_TRISC                                          (abs)        000F94
_TRISD                                          (abs)        000F95
_TRISE                                          (abs)        000F96
_TRISF                                          (abs)        000F97
_TRISG                                          (abs)        000F98
_TRISH                                          (abs)        000F99
_TXREG1                                         (abs)        000FAD
_TXREG2                                         (abs)        000F1C
_TXSTA1                                         (abs)        000FAC
_TXSTA1bits                                     (abs)        000FAC
_TXSTA2                                         (abs)        000F21
_TXSTA2bits                                     (abs)        000F21
__HRAM                                          (abs)        000000
__Habs1                                         abs1         000000
__Hbank0                                        bank0        000000
__Hbank1                                        bank1        000000
__Hbank10                                       bank10       000000
__Hbank11                                       bank11       000000
__Hbank12                                       bank12       000000
__Hbank13                                       bank13       000000
__Hbank14                                       bank14       000000
__Hbank15                                       bank15       000000
__Hbank2                                        bank2        000000
__Hbank3                                        bank3        000000
__Hbank4                                        bank4        000000
__Hbank5                                        bank5        000000
__Hbank6                                        bank6        000000
__Hbank7                                        bank7        000000
__Hbank8                                        bank8        000000
__Hbank9                                        bank9        000000
__Hbigbss                                       bigbss       000000
__Hbigdata                                      bigdata      000000
__Hbigram                                       bigram       000000
__Hbigsfr                                       bigsfr       000000
__Hbss                                          bss          000000
__HbssBANK0                                     bssBANK0     000000
__HbssBANK1                                     bssBANK1     000000
__HbssCOMRAM                                    bssCOMRAM    000000
__Hcinit                                        cinit        000000
__Hclrtext                                      clrtext      000000
__Hcomram                                       comram       000000
__Hconfig                                       config       30000E
__Hconst                                        const        000000
__HcstackBANK0                                  cstackBANK0  000000
__HcstackCOMRAM                                 cstackCOMRAM 000000
__Hdata                                         data         000000
__Heeprom_data                                  eeprom_data  000000
__Hfarbss                                       farbss       000000
__Hfardata                                      fardata      000000
__Hheap                                         heap         000000
__Hibigdata                                     ibigdata     000000
__Hidata                                        idata        000000
__Hidloc                                        idloc        200008
__Hifardata                                     ifardata     000000
__Hinit                                         init         0000B8
__Hintcode                                      intcode      0000B4
__Hintcode_body                                 intcode_body 000000
__Hintcodelo                                    intcodelo    0000B4
__Hintentry                                     intentry     000000
__Hintret                                       intret       000000
__Hintsave_regs                                 intsave_regs 000000
__Hirdata                                       irdata       000000
__Hmediumconst                                  mediumconst  000000
__HnvBANK0                                      nvBANK0      000000
__HnvCOMRAM                                     nvCOMRAM     000000
__HnvFARRAM                                     nvFARRAM     000000
__Hnvbit                                        nvbit        000000
__Hnvrram                                       nvrram       000000
__Hparam                                        rparam       000000
__Hpowerup                                      powerup      0000B4
__Hram                                          ram          000000
__Hramtop                                       ramtop       001000
__Hrbit                                         rbit         000000
__Hrbss                                         rbss         000000
__Hrdata                                        rdata        000000
__Hreset_vec                                    reset_vec    000004
__Hrparam                                       rparam       000000
__Hsfr                                          sfr          000000
__Hsmallconst                                   smallconst   00100A
__Hspace_0                                      (abs)        001676
__Hspace_1                                      (abs)        000140
__Hspace_2                                      (abs)        000000
__Hspace_4                                      (abs)        60000E
__Hstack                                        stack        000000
__Hstruct                                       struct       000000
__Htemp                                         temp         00003A
__Htext                                         text         000000
__Htext0                                        text0        000000
__Htext1                                        text1        000000
__Htext10                                       text10       000000
__Htext11                                       text11       000000
__Htext12                                       text12       000000
__Htext13                                       text13       000000
__Htext14                                       text14       000000
__Htext15                                       text15       000000
__Htext16                                       text16       000000
__Htext17                                       text17       000000
__Htext18                                       text18       000000
__Htext19                                       text19       000000
__Htext2                                        text2        000000
__Htext20                                       text20       000000
__Htext21                                       text21       000000
__Htext23                                       text23       000000
__Htext24                                       text24       000000
__Htext25                                       text25       000000
__Htext26                                       text26       000000
__Htext27                                       text27       000000
__Htext28                                       text28       000000
__Htext29                                       text29       000000
__Htext3                                        text3        000000
__Htext4                                        text4        000000
__Htext5                                        text5        000000
__Htext6                                        text6        000000
__Htext7                                        text7        000000
__Htext8                                        text8        000000
__Htext9                                        text9        000000
__LRAM                                          (abs)        000001
__Labs1                                         abs1         000000
__Lbank0                                        bank0        000000
__Lbank1                                        bank1        000000
__Lbank10                                       bank10       000000
__Lbank11                                       bank11       000000
__Lbank12                                       bank12       000000
__Lbank13                                       bank13       000000
__Lbank14                                       bank14       000000
__Lbank15                                       bank15       000000
__Lbank2                                        bank2        000000
__Lbank3                                        bank3        000000
__Lbank4                                        bank4        000000
__Lbank5                                        bank5        000000
__Lbank6                                        bank6        000000
__Lbank7                                        bank7        000000
__Lbank8                                        bank8        000000
__Lbank9                                        bank9        000000
__Lbigbss                                       bigbss       000000
__Lbigdata                                      bigdata      000000
__Lbigram                                       bigram       000000
__Lbigsfr                                       bigsfr       000000
__Lbss                                          bss          000000
__LbssBANK0                                     bssBANK0     000000
__LbssBANK1                                     bssBANK1     000000
__LbssCOMRAM                                    bssCOMRAM    000000
__Lcinit                                        cinit        000000
__Lclrtext                                      clrtext      000000
__Lcomram                                       comram       000000
__Lconfig                                       config       000000
__Lconst                                        const        000000
__LcstackBANK0                                  cstackBANK0  000000
__LcstackCOMRAM                                 cstackCOMRAM 000000
__Ldata                                         data         000000
__Leeprom_data                                  eeprom_data  000000
__Lfarbss                                       farbss       000000
__Lfardata                                      fardata      000000
__Lheap                                         heap         000000
__Libigdata                                     ibigdata     000000
__Lidata                                        idata        000000
__Lidloc                                        idloc        000000
__Lifardata                                     ifardata     000000
__Linit                                         init         0000B4
__Lintcode                                      intcode      000008
__Lintcode_body                                 intcode_body 000000
__Lintcodelo                                    intcodelo    0000B4
__Lintentry                                     intentry     000000
__Lintret                                       intret       000000
__Lintsave_regs                                 intsave_regs 000000
__Lirdata                                       irdata       000000
__Lmediumconst                                  mediumconst  000000
__LnvBANK0                                      nvBANK0      000000
__LnvCOMRAM                                     nvCOMRAM     000000
__LnvFARRAM                                     nvFARRAM     000000
__Lnvbit                                        nvbit        000000
__Lnvrram                                       nvrram       000000
__Lparam                                        rparam       000000
__Lpowerup                                      powerup      0000B4
__Lram                                          ram          000000
__Lramtop                                       ramtop       001000
__Lrbit                                         rbit         000000
__Lrbss                                         rbss         000000
__Lrdata                                        rdata        000000
__Lreset_vec                                    reset_vec    000000
__Lrparam                                       rparam       000000
__Lsfr                                          sfr          000000
__Lsmallconst                                   smallconst   001000
__Lspace_0                                      (abs)        000000
__Lspace_1                                      (abs)        000000
__Lspace_2                                      (abs)        000000
__Lspace_4                                      (abs)        000000
__Lstack                                        stack        000000
__Lstruct                                       struct       000000
__Ltemp                                         temp         000039
__Ltext                                         text         000000
__Ltext0                                        text0        000000
__Ltext1                                        text1        000000
__Ltext10                                       text10       000000
__Ltext11                                       text11       000000
__Ltext12                                       text12       000000
__Ltext13                                       text13       000000
__Ltext14                                       text14       000000
__Ltext15                                       text15       000000
__Ltext16                                       text16       000000
__Ltext17                                       text17       000000
__Ltext18                                       text18       000000
__Ltext19                                       text19       000000
__Ltext2                                        text2        000000
__Ltext20                                       text20       000000
__Ltext21                                       text21       000000
__Ltext23                                       text23       000000
__Ltext24                                       text24       000000
__Ltext25                                       text25       000000
__Ltext26                                       text26       000000
__Ltext27                                       text27       000000
__Ltext28                                       text28       000000
__Ltext29                                       text29       000000
__Ltext3                                        text3        000000
__Ltext4                                        text4        000000
__Ltext5                                        text5        000000
__Ltext6                                        text6        000000
__Ltext7                                        text7        000000
__Ltext8                                        text8        000000
__Ltext9                                        text9        000000
__S0                                            (abs)        001676
__S1                                            (abs)        000140
__S4                                            (abs)        000000
__S5                                            (abs)        000000
___extmem_base                                  (abs)        020000
___heap_hi                                      (abs)        000000
___heap_lo                                      (abs)        000000
___inthi_sp                                     stack        000000
___intlo_sp                                     stack        000000
___param_bank                                   (abs)        000000
___rparam_used                                  (abs)        000001
___sp                                           stack        000000
__accesstop                                     (abs)        000060
__activetblptr                                  (abs)        000003
__end_of_EUSART1_Initialize                     text17       0014A4
__end_of_EUSART1_SetErrorHandler                text20       001658
__end_of_EUSART1_SetFramingErrorHandler         text19       00164A
__end_of_EUSART1_SetOverrunErrorHandler         text18       00163C
__end_of_EUSART1_Write                          text6        0015BE
__end_of_EUSART2_DefaultErrorHandler            text27       001670
__end_of_EUSART2_DefaultFramingErrorHandler     text26       001676
__end_of_EUSART2_DefaultOverrunErrorHandler     text25       00166A
__end_of_EUSART2_Initialize                     text11       001332
__end_of_EUSART2_Read                           text21       00145A
__end_of_EUSART2_Receive_ISR                    text24       001212
__end_of_EUSART2_RxDataHandler                  text28       001582
__end_of_EUSART2_SetErrorHandler                text16       00162E
__end_of_EUSART2_SetFramingErrorHandler         text15       001620
__end_of_EUSART2_SetOverrunErrorHandler         text14       001612
__end_of_EUSART2_SetRxInterruptHandler          text13       001604
__end_of_EUSART2_SetTxInterruptHandler          text12       0015F6
__end_of_EUSART2_Transmit_ISR                   text23       00152A
__end_of_INTERRUPT_Initialize                   text10       001674
__end_of_INTERRUPT_InterruptManager             intcode      0000B4
__end_of_OSCILLATOR_Initialize                  text9        0015E8
__end_of_PIN_MANAGER_Initialize                 text8        0014E8
__end_of_SYSTEM_Initialize                      text7        0015D4
__end_of__initialization                        cinit        00154E
__end_of_fputc                                  text4        0012A8
__end_of_main                                   text0        00114C
__end_of_printf                                 text1        0015A8
__end_of_putch                                  text5        001662
__end_of_vfpfcnvrt                              text3        0013B8
__end_of_vfprintf                               text2        00140A
__initialization                                cinit        00152A
__mediumconst                                   mediumconst  000000
__pbssBANK0                                     bssBANK0     000060
__pbssBANK1                                     bssBANK1     000100
__pbssCOMRAM                                    bssCOMRAM    000024
__pcinit                                        cinit        00152A
__pcstackBANK0                                  cstackBANK0  0000C0
__pcstackCOMRAM                                 cstackCOMRAM 000001
__pintcode                                      intcode      000008
__pnvBANK0                                      nvBANK0      0000E4
__pnvCOMRAM                                     nvCOMRAM     000038
__psmallconst                                   smallconst   001000
__ptext0                                        text0        00100A
__ptext1                                        text1        001582
__ptext10                                       text10       001670
__ptext11                                       text11       0012A8
__ptext12                                       text12       0015E8
__ptext13                                       text13       0015F6
__ptext14                                       text14       001604
__ptext15                                       text15       001612
__ptext16                                       text16       001620
__ptext17                                       text17       00145A
__ptext18                                       text18       00162E
__ptext19                                       text19       00163C
__ptext2                                        text2        0013B8
__ptext20                                       text20       00164A
__ptext21                                       text21       00140A
__ptext23                                       text23       0014E8
__ptext24                                       text24       00114C
__ptext25                                       text25       001662
__ptext26                                       text26       001674
__ptext27                                       text27       00166A
__ptext28                                       text28       001558
__ptext29                                       text29       000000
__ptext3                                        text3        001332
__ptext4                                        text4        001212
__ptext5                                        text5        001658
__ptext6                                        text6        0015A8
__ptext7                                        text7        0015BE
__ptext8                                        text8        0014A4
__ptext9                                        text9        0015D4
__ramtop                                        ramtop       001000
__smallconst                                    smallconst   001000
_eusart1RxLastError                             bssCOMRAM    000031
_eusart2RxBuffer                                bssBANK1     000100
_eusart2RxCount                                 bssCOMRAM    000033
_eusart2RxHead                                  bssCOMRAM    000035
_eusart2RxLastError                             bssCOMRAM    000032
_eusart2RxStatusBuffer                          bssBANK0     000060
_eusart2RxTail                                  bssCOMRAM    000034
_eusart2TxBuffer                                bssCOMRAM    000024
_eusart2TxBufferRemaining                       nvCOMRAM     000038
_eusart2TxHead                                  bssCOMRAM    000037
_eusart2TxTail                                  bssCOMRAM    000036
_flags                                          bssCOMRAM    000030
_fputc                                          text4        001212
_main                                           text0        00100A
_prec                                           bssCOMRAM    00002E
_printf                                         text1        001582
_putch                                          text5        001658
_vfpfcnvrt                                      text3        001332
_vfprintf                                       text2        0013B8
_width                                          bssCOMRAM    00002C
btemp                                           temp         000039
end_of_initialization                           cinit        00154E
fputc@c                                         cstackCOMRAM 000007
fputc@fp                                        cstackCOMRAM 000009
int$flags                                       temp         000039
intlevel0                                       text         000000
intlevel1                                       text         000000
intlevel2                                       text         000000
intlevel3                                       text         000000
isa$std                                         (abs)        000001
isa$xinst                                       (abs)        000000
main@checksum                                   cstackBANK0  0000E2
main@data                                       cstackBANK0  0000C0
main@i                                          cstackBANK0  0000E1
main@pLength                                    cstackBANK0  0000E0
main@sync                                       cstackBANK0  0000DE
printf@ap                                       cstackCOMRAM 000020
printf@fmt                                      cstackCOMRAM 00001E
putch@txData                                    cstackCOMRAM 000006
stackhi                                         (abs)        000000
stacklo                                         (abs)        000000
start                                           init         0000B4
start_initialization                            cinit        00152A
ttemp5                                          temp         00003A
ttemp6                                          temp         00003D
ttemp7                                          temp         000041
vfpfcnvrt@ap                                    cstackCOMRAM 000014
vfpfcnvrt@fmt                                   cstackCOMRAM 000012
vfpfcnvrt@fp                                    cstackCOMRAM 000010
vfprintf@ap                                     cstackCOMRAM 00001A
vfprintf@cfmt                                   cstackCOMRAM 00001C
vfprintf@fmt                                    cstackCOMRAM 000018
vfprintf@fp                                     cstackCOMRAM 000016
wtemp8                                          temp         00003A


MODULE INFORMATION

Module		Function		Class		Link	Load	Size
C:\Program Files\Microchip\xc8\v2.40\pic\sources\c99\common\nf_fputc.c
		_fputc         		CODE           	1212	0000	150

C:\Program Files\Microchip\xc8\v2.40\pic\sources\c99\common\nf_fputc.c estimated size: 150

mcc_generated_files/eusart2.c
		_EUSART2_Read  		CODE           	140A	0000	80
		_EUSART2_SetOverrunErrorHandler		CODE           	1604	0000	14
		_EUSART2_SetErrorHandler		CODE           	1620	0000	14
		_EUSART2_Receive_ISR		CODE           	114C	0000	198
		_EUSART2_RxDataHandler		CODE           	1558	0000	42
		_EUSART2_DefaultOverrunErrorHandler		CODE           	1662	0000	8
		_EUSART2_Transmit_ISR		CODE           	14E8	0000	66
		_EUSART2_DefaultFramingErrorHandler		CODE           	1674	0000	2
		_EUSART2_SetRxInterruptHandler		CODE           	15F6	0000	14
		_EUSART2_SetTxInterruptHandler		CODE           	15E8	0000	14
		_EUSART2_Initialize		CODE           	12A8	0000	138
		_EUSART2_DefaultErrorHandler		CODE           	166A	0000	6
		_EUSART2_SetFramingErrorHandler		CODE           	1612	0000	14

mcc_generated_files/eusart2.c estimated size: 610

mcc_generated_files/interrupt_manager.c
		_INTERRUPT_Initialize		CODE           	1670	0000	4
		_INTERRUPT_InterruptManager		CODE           	0008	0000	172

mcc_generated_files/interrupt_manager.c estimated size: 176

C:\Program Files\Microchip\xc8\v2.40\pic\sources\c99\common\printf.c
		_printf        		CODE           	1582	0000	38

C:\Program Files\Microchip\xc8\v2.40\pic\sources\c99\common\printf.c estimated size: 38

mcc_generated_files/pin_manager.c
		_PIN_MANAGER_Initialize		CODE           	14A4	0000	68

mcc_generated_files/pin_manager.c estimated size: 68

shared
		__initialization		CODE           	152A	0000	36

shared estimated size: 36

mcc_generated_files/eusart1.c
		_EUSART1_Initialize		CODE           	145A	0000	74
		_putch         		CODE           	1658	0000	10
		_EUSART1_SetFramingErrorHandler		CODE           	163C	0000	14
		_EUSART1_SetOverrunErrorHandler		CODE           	162E	0000	14
		_EUSART1_SetErrorHandler		CODE           	164A	0000	14
		_EUSART1_Write 		CODE           	15A8	0000	22

mcc_generated_files/eusart1.c estimated size: 148

mcc_generated_files/mcc.c
		_OSCILLATOR_Initialize		CODE           	15D4	0000	20
		_SYSTEM_Initialize		CODE           	15BE	0000	22

mcc_generated_files/mcc.c estimated size: 42

C:\Program Files\Microchip\xc8\v2.40\pic\sources\c99\common\doprnt.c
		_vfpfcnvrt     		CODE           	1332	0000	134
		_vfprintf      		CODE           	13B8	0000	82

C:\Program Files\Microchip\xc8\v2.40\pic\sources\c99\common\doprnt.c estimated size: 216

main.c
		_main          		CODE           	100A	0000	322

main.c estimated size: 322

