Microchip MPLAB XC8 Compiler V2.40

Linker command line:

-W-3 \
  --edf=C:\Program Files\Microchip\xc8\v2.40\pic\dat\20220703182018_en.msgs \
  -cn -h+dist/default/production\heart_rate.X.production.sym \
  --cmf=dist/default/production\heart_rate.X.production.cmf -z -Q18F87K22 \
  -oC:\Users\Sanja\AppData\Local\Temp\xcAs224.4 --defsym=__MPLAB_BUILD=1 \
  --fixupoverflow=error \
  -Mdist/default/production/heart_rate.X.production.map \
  --md=C:\Users\Sanja\AppData\Local\Temp\xcAs224.dat -E1 -ver=XC8 Compiler \
  --acfsm=1493 -ACODE=00h-01FFFFh -ACONST=00h-01FFFFh \
  -ASMALLCONST=01000h-010FFhx496 \
  -AMEDIUMCONST=01000h-0FFFFh,011000h-01FFFFh -ACOMRAM=01h-05Fh \
  -AABS1=00h-0F15h -ABIGRAM=01h-0F15h \
  -ARAM=060h-0FFh,0100h-01FFhx14,0F00h-0F15h -ABANK0=060h-0FFh \
  -ABANK1=0100h-01FFh -ABANK2=0200h-02FFh -ABANK3=0300h-03FFh \
  -ABANK4=0400h-04FFh -ABANK5=0500h-05FFh -ABANK6=0600h-06FFh \
  -ABANK7=0700h-07FFh -ABANK8=0800h-08FFh -ABANK9=0900h-09FFh \
  -ABANK10=0A00h-0AFFh -ABANK11=0B00h-0BFFh -ABANK12=0C00h-0CFFh \
  -ABANK13=0D00h-0DFFh -ABANK14=0E00h-0EFFh -ABANK15=0F00h-0F15h \
  -ASFR=0F16h-0F5Fh,0F60h-0FFFh -ABIGSFR=0F16h-0FFFh \
  -ACONFIG=0300000h-030000Dh -AIDLOC=0200000h-0200007h \
  -AEEDATA=0F00000h-0F003FFh -peeprom_data=EEDATA \
  -preset_vec=00h,intcode,intcodelo,powerup,init -pramtop=01000h \
  -psmallconst=SMALLCONST -pmediumconst=MEDIUMCONST -pconst=CONST \
  -AFARRAM=00h-00h \
  -prdata=COMRAM,nvrram=COMRAM,nvbit=COMRAM,rbss=COMRAM,rbit=COMRAM \
  -pfarbss=FARRAM,fardata=FARRAM,nvFARRAM=FARRAM \
  -pintsave_regs=BIGRAM,bigbss=BIGRAM,bigdata=BIGRAM -pbss=RAM \
  -pidata=CODE,irdata=CODE,ibigdata=CODE,ifardata=CODE -prparam=COMRAM \
  C:\Users\Sanja\AppData\Local\Temp\xcAs224.o \
  dist/default/production\heart_rate.X.production.o 

Object code version is 3.11

Machine type is 18F87K22



                Name                               Link     Load   Length Selector   Space Scale
C:\Users\Sanja\AppData\Local\Temp\xcAs224.o
                idloc                            200000   200000        8        0       5
                config                           300000   300000        E        0       4
                init                                  0        0        4        0       0
dist/default/production\heart_rate.X.production.o
                idloc                            200000   200000        8        0       5
                config                           300000   300000        E        0       4
                smallconst                         1000     1000       32      800       0
                text63                             1A86     1A86       16      819       0
                text62                             1BDA     1BDA        4      819       0
                text61                             1BD6     1BD6        4      819       0
                text60                             1BD2     1BD2        4      819       0
                text59                             19C4     19C4       2A      819       0
                text58                             1BCE     1BCE        4      819       0
                text57                             1BCA     1BCA        4      819       0
                text56                             1BC6     1BC6        4      819       0
                text55                             1A10     1A10       22      819       0
                text54                             14A4     14A4       84      819       0
                text53                             1A6A     1A6A       1C      819       0
                text52                             1968     1968       30      819       0
                text51                             1938     1938       30      819       0
                text50                             1908     1908       30      819       0
                text49                             18D8     18D8       30      819       0
                text48                             179C     179C       44      819       0
                text47                             1BC2     1BC2        4      819       0
                text46                             1BBE     1BBE        4      819       0
                text45                             1BBA     1BBA        4      819       0
                text44                             1BAC     1BAC        6      819       0
                text43                             1BB6     1BB6        4      819       0
                text42                             1BA6     1BA6        6      819       0
                text41                             1B9E     1B9E        8      819       0
                text40                             1AC4     1AC4       14      819       0
                text39                             1BB2     1BB2        4      819       0
                text38                             1528     1528       7C      819       0
                text37                             1B54     1B54        A      819       0
                text36                             1B32     1B32        E      819       0
                text35                             1B24     1B24        E      819       0
                text34                             1158     1158       C4      819       0
                text33                             12D8     12D8       A6      819       0
                text32                             1B4A     1B4A        A      819       0
                text31                             1B96     1B96        8      819       0
                text30                             1B8E     1B8E        8      819       0
                text29                             1B86     1B86        8      819       0
                text28                             1B7E     1B7E        8      819       0
                text27                             1B76     1B76        8      819       0
                text26                             1B6E     1B6E        8      819       0
                text25                             1B66     1B66        8      819       0
                text24                             1B40     1B40        A      819       0
                text23                             1684     1684       6A      819       0
                text22                             16EE     16EE       64      819       0
                text21                             1AEA     1AEA       10      819       0
                text20                             1A4E     1A4E       1C      819       0
                text19                             17E0     17E0       42      819       0
                text18                             1B5E     1B5E        8      819       0
                text17                             19EE     19EE       22      819       0
                text16                             137E     137E       A0      819       0
                text15                             1A32     1A32       1C      819       0
                text14                             15A4     15A4       76      819       0
                text13                             1998     1998       2C      819       0
                text12                             1862     1862       40      819       0
                text11                             141E     141E       86      819       0
                text10                             161A     161A       6A      819       0
                text9                              1B16     1B16        E      819       0
                text8                              1B08     1B08        E      819       0
                text7                              1AFA     1AFA        E      819       0
                text6                              1752     1752       4A      819       0
                text5                              1AB0     1AB0       14      819       0
                text4                              1A9C     1A9C       14      819       0
                text3                              1822     1822       40      819       0
                text2                              1AD8     1AD8       12      819       0
                text1                              121C     121C       BC      819       0
                text0                              1032     1032      126      819       0
                cstackCOMRAM                         30       30       2E        1       1
                cstackBANK0                          60       60       80       60       1
                cstackBANK1                         180      180       80      100       1
                bssBANK2                            200      200       80      200       1
                bssBANK1                            100      100       80      100       1
                bssBANK0                             E9       E9        8       60       1
                bssCOMRAM                             1        1       2F        1       1
                cinit                              18A2     18A2       36      819       0
                nvBANK0                              E0       E0        9       60       1

TOTAL           Name                               Link     Load   Length     Space
        CLASS   CODE           
                init                                  0        0        4         0
                text63                             1A86     1A86       16         0
                text62                             1BDA     1BDA        4         0
                text61                             1BD6     1BD6        4         0
                text60                             1BD2     1BD2        4         0
                text59                             19C4     19C4       2A         0
                text58                             1BCE     1BCE        4         0
                text57                             1BCA     1BCA        4         0
                text56                             1BC6     1BC6        4         0
                text55                             1A10     1A10       22         0
                text54                             14A4     14A4       84         0
                text53                             1A6A     1A6A       1C         0
                text52                             1968     1968       30         0
                text51                             1938     1938       30         0
                text50                             1908     1908       30         0
                text49                             18D8     18D8       30         0
                text48                             179C     179C       44         0
                text47                             1BC2     1BC2        4         0
                text46                             1BBE     1BBE        4         0
                text45                             1BBA     1BBA        4         0
                text44                             1BAC     1BAC        6         0
                text43                             1BB6     1BB6        4         0
                text42                             1BA6     1BA6        6         0
                text41                             1B9E     1B9E        8         0
                text40                             1AC4     1AC4       14         0
                text39                             1BB2     1BB2        4         0
                text38                             1528     1528       7C         0
                text37                             1B54     1B54        A         0
                text36                             1B32     1B32        E         0
                text35                             1B24     1B24        E         0
                text34                             1158     1158       C4         0
                text33                             12D8     12D8       A6         0
                text32                             1B4A     1B4A        A         0
                text31                             1B96     1B96        8         0
                text30                             1B8E     1B8E        8         0
                text29                             1B86     1B86        8         0
                text28                             1B7E     1B7E        8         0
                text27                             1B76     1B76        8         0
                text26                             1B6E     1B6E        8         0
                text25                             1B66     1B66        8         0
                text24                             1B40     1B40        A         0
                text23                             1684     1684       6A         0
                text22                             16EE     16EE       64         0
                text21                             1AEA     1AEA       10         0
                text20                             1A4E     1A4E       1C         0
                text19                             17E0     17E0       42         0
                text18                             1B5E     1B5E        8         0
                text17                             19EE     19EE       22         0
                text16                             137E     137E       A0         0
                text15                             1A32     1A32       1C         0
                text14                             15A4     15A4       76         0
                text13                             1998     1998       2C         0
                text12                             1862     1862       40         0
                text11                             141E     141E       86         0
                text10                             161A     161A       6A         0
                text9                              1B16     1B16        E         0
                text8                              1B08     1B08        E         0
                text7                              1AFA     1AFA        E         0
                text6                              1752     1752       4A         0
                text5                              1AB0     1AB0       14         0
                text4                              1A9C     1A9C       14         0
                text3                              1822     1822       40         0
                text2                              1AD8     1AD8       12         0
                text1                              121C     121C       BC         0
                text0                              1032     1032      126         0
                cinit                              18A2     18A2       36         0

        CLASS   CONST          

        CLASS   SMALLCONST     
                smallconst                         1000     1000       32         0

        CLASS   MEDIUMCONST    

        CLASS   COMRAM         
                cstackCOMRAM                         30       30       2E         1
                bssCOMRAM                             1        1       2F         1

        CLASS   ABS1           

        CLASS   BIGRAM         

        CLASS   RAM            

        CLASS   BANK0          
                cstackBANK0                          60       60       80         1
                bssBANK0                             E9       E9        8         1
                nvBANK0                              E0       E0        9         1

        CLASS   BANK1          
                cstackBANK1                         180      180       80         1
                bssBANK1                            100      100       80         1

        CLASS   BANK2          
                bssBANK2                            200      200       80         1

        CLASS   BANK3          

        CLASS   BANK4          

        CLASS   BANK5          

        CLASS   BANK6          

        CLASS   BANK7          

        CLASS   BANK8          

        CLASS   BANK9          

        CLASS   BANK10         

        CLASS   BANK11         

        CLASS   BANK12         

        CLASS   BANK13         

        CLASS   BANK14         

        CLASS   BANK15         

        CLASS   SFR            

        CLASS   BIGSFR         

        CLASS   CONFIG         
                config                           300000   300000        E         4

        CLASS   IDLOC          
                idloc                            200000   200000        8         5

        CLASS   EEDATA         

        CLASS   FARRAM         

        CLASS   HEAP           

        CLASS   STACK          



SEGMENTS        Name                           Load    Length   Top    Selector   Space  Class

                reset_vec                      000000  000004  000004         0       0  CODE    
                bssCOMRAM                      000001  00005D  00005E         1       1  COMRAM  
                cstackBANK0                    000060  000091  0000F1        60       1  BANK0   
                bssBANK1                       000100  000100  000200       100       1  BANK1   
                bssBANK2                       000200  000080  000280       200       1  BANK2   
                smallconst                     001000  000032  001032       800       0  SMALLCON
                text0                          001032  000BAC  001BDE       819       0  CODE    


UNUSED ADDRESS RANGES

        Name                Unused          Largest block    Delta
        BANK0            0000F1-0000FF                F
        BANK10           000A00-000AFF              100
        BANK11           000B00-000BFF              100
        BANK12           000C00-000CFF              100
        BANK13           000D00-000DFF              100
        BANK14           000E00-000EFF              100
        BANK15           000F00-000F15               16
        BANK2            000280-0002FF               80
        BANK3            000300-0003FF              100
        BANK4            000400-0004FF              100
        BANK5            000500-0005FF              100
        BANK6            000600-0006FF              100
        BANK7            000700-0007FF              100
        BANK8            000800-0008FF              100
        BANK9            000900-0009FF              100
        BIGRAM           00005E-00005F                2
                         0000F1-0000FF                F
                         000280-000F15              C96
        BIGSFR           000F16-000FFF               EA
        CODE             000004-000FFF              FFC
                         001BDE-01FFFF            1E422
        COMRAM           00005E-00005F                2
        CONST            000004-000FFF              FFC
                         001BDE-01FFFF            1E422
        EEDATA           F00000-F003FF              400
        MEDIUMCONST      001BDE-00FFFF             E422
                         011000-01FFFF             F000
        RAM              0000F1-0000FF                F
                         000280-000F15              100
        SFR              000F16-000FFF               4A
        SMALLCONST       001BDE-01FFFF              100

                                  Symbol Table

?_srednja_vrednost                              cstackCOMRAM 000030
EUSART1_SetErrorHandler@interruptHandler        cstackCOMRAM 000030
EUSART1_SetFramingErrorHandler@interruptHandler cstackCOMRAM 000030
EUSART1_SetOverrunErrorHandler@interruptHandler cstackCOMRAM 000030
EUSART1_Write@txData                            cstackCOMRAM 000030
I2C1_CallbackReturnReset@funPtr                 cstackCOMRAM 00003B
I2C1_Close@returnValue                          cstackCOMRAM 000030
I2C1_MasterOperation@read                       cstackCOMRAM 00003F
I2C1_MasterOperation@returnValue                cstackCOMRAM 000040
I2C1_MasterSendTxData@data                      cstackCOMRAM 000030
I2C1_Open@address                               cstackCOMRAM 000030
I2C1_Open@returnValue                           cstackCOMRAM 000031
I2C1_ReadDataBlock@address                      cstackCOMRAM 000046
I2C1_ReadDataBlock@bufferBlock                  cstackCOMRAM 000047
I2C1_ReadDataBlock@data                         cstackCOMRAM 000042
I2C1_ReadDataBlock@len                          cstackCOMRAM 000044
I2C1_ReadDataBlock@reg                          cstackCOMRAM 000041
I2C1_SetAddressNackCallback@cb                  cstackCOMRAM 000036
I2C1_SetAddressNackCallback@ptr                 cstackCOMRAM 000039
I2C1_SetBuffer@buffer                           cstackCOMRAM 000030
I2C1_SetBuffer@bufferSize                       cstackCOMRAM 000032
I2C1_SetCallback@cb                             cstackCOMRAM 000030
I2C1_SetCallback@idx                            cstackCOMRAM 000035
I2C1_SetCallback@ptr                            cstackCOMRAM 000033
I2C1_SetDataCompleteCallback@cb                 cstackCOMRAM 000036
I2C1_SetDataCompleteCallback@ptr                cstackCOMRAM 000039
I2C1_Write1ByteRegister@address                 cstackCOMRAM 000043
I2C1_Write1ByteRegister@data                    cstackCOMRAM 000042
I2C1_Write1ByteRegister@reg                     cstackCOMRAM 000041
MAX30100_enable_temp_read@mode_cfg_reg          bssCOMRAM    00002E
MAX30100_init@i_data                            cstackCOMRAM 000049
MAX30100_init@ir_led_current                    cstackCOMRAM 000045
MAX30100_init@mode                              cstackCOMRAM 000048
MAX30100_init@pulse_width                       cstackCOMRAM 000047
MAX30100_init@red_led_current                   cstackCOMRAM 000044
MAX30100_init@sample_rate                       cstackCOMRAM 000046
MAX30100_init@spo2_data                         cstackCOMRAM 00004A
MAX30100_read_led_data@sens                     cstackCOMRAM 00004B
MAX30100_read_led_data@tmp_reg                  bssBANK0     0000ED
MAX30100_read_temp_data@temp_frac               bssCOMRAM    00002B
MAX30100_read_temp_data@temp_int1               bssCOMRAM    00002D
MAX30100_read_temp_data@temp_int2               bssCOMRAM    00002C
_ANCON0                                         (abs)        000F25
_ANCON1                                         (abs)        000F24
_ANCON2                                         (abs)        000F23
_BAUDCON1                                       (abs)        000F65
_EUSART1_DefaultErrorHandler                    (abs)        000000
_EUSART1_DefaultFramingErrorHandler             (abs)        000000
_EUSART1_DefaultOverrunErrorHandler             (abs)        000000
_EUSART1_ErrorHandler                           nvBANK0      0000E0
_EUSART1_FramingErrorHandler                    nvBANK0      0000E6
_EUSART1_Initialize                             text6        001752
_EUSART1_OverrunErrorHandler                    nvBANK0      0000E3
_EUSART1_SetErrorHandler                        text9        001B16
_EUSART1_SetFramingErrorHandler                 text8        001B08
_EUSART1_SetOverrunErrorHandler                 text7        001AFA
_EUSART1_Write                                  text63       001A86
_I2C1_CallbackReturnReset                       text46       001BBE
_I2C1_CallbackReturnStop                        text47       001BC2
_I2C1_Close                                     text59       0019C4
_I2C1_DO_ADDRESS_NACK                           text23       001684
_I2C1_DO_IDLE                                   text37       001B54
_I2C1_DO_RCEN                                   text32       001B4A
_I2C1_DO_RESET                                  text24       001B40
_I2C1_DO_RX                                     text33       0012D8
_I2C1_DO_RX_ACK                                 text27       001B76
_I2C1_DO_RX_NACK_RESTART                        text25       001B66
_I2C1_DO_RX_NACK_STOP                           text26       001B6E
_I2C1_DO_SEND_ADR_READ                          text36       001B32
_I2C1_DO_SEND_ADR_WRITE                         text35       001B24
_I2C1_DO_SEND_RESTART                           text29       001B86
_I2C1_DO_SEND_RESTART_READ                      text31       001B96
_I2C1_DO_SEND_RESTART_WRITE                     text30       001B8E
_I2C1_DO_SEND_STOP                              text28       001B7E
_I2C1_DO_TX                                     text34       001158
_I2C1_DO_TX_EMPTY                               text38       001528
_I2C1_Initialize                                text5        001AB0
_I2C1_MasterClearIrq                            text62       001BDA
_I2C1_MasterClose                               text61       001BD6
_I2C1_MasterDisableIrq                          text60       001BD2
_I2C1_MasterEnableRestart                       text57       001BCA
_I2C1_MasterFsm                                 text22       0016EE
_I2C1_MasterGetRxData                           text43       001BB6
_I2C1_MasterIsNack                              text40       001AC4
_I2C1_MasterOpen                                text17       0019EE
_I2C1_MasterOperation                           text19       0017E0
_I2C1_MasterSendAck                             text42       001BA6
_I2C1_MasterSendNack                            text44       001BAC
_I2C1_MasterSendTxData                          text41       001B9E
_I2C1_MasterSetIrq                              text39       001BB2
_I2C1_MasterStart                               text58       001BCE
_I2C1_MasterStartRx                             text45       001BBA
_I2C1_MasterStop                                text56       001BC6
_I2C1_MasterWaitForEvent                        text21       001AEA
_I2C1_MasterWrite                               text18       001B5E
_I2C1_Open                                      text16       00137E
_I2C1_Poller                                    text20       001A4E
_I2C1_ReadDataBlock                             text11       00141E
_I2C1_SetAddressNackCallback                    text15       001A32
_I2C1_SetBuffer                                 text55       001A10
_I2C1_SetCallback                               text54       0014A4
_I2C1_SetDataCompleteCallback                   text53       001A6A
_I2C1_Status                                    bssCOMRAM    000001
_I2C1_Write1ByteRegister                        text14       0015A4
_INTCONbits                                     (abs)        000FF2
_LATA                                           (abs)        000F89
_LATB                                           (abs)        000F8A
_LATC                                           (abs)        000F8B
_LATD                                           (abs)        000F8C
_LATE                                           (abs)        000F8D
_LATF                                           (abs)        000F8E
_LATG                                           (abs)        000F8F
_LATH                                           (abs)        000F90
_MAX30100_FIFO_init                             text13       001998
_MAX30100_init                                  text12       001862
_MAX30100_read_led_data                         text10       00161A
_OSCCON                                         (abs)        000FD3
_OSCCON2                                        (abs)        000F64
_OSCILLATOR_Initialize                          text4        001A9C
_OSCTUNE                                        (abs)        000F9B
_PIE1bits                                       (abs)        000F9D
_PIN_MANAGER_Initialize                         text3        001822
_PIR1bits                                       (abs)        000F9E
_PIR2bits                                       (abs)        000FA1
_RCREG1                                         (abs)        000FAE
_RCSTA1                                         (abs)        000FAB
_RCSTA1bits                                     (abs)        000FAB
_REFOCON                                        (abs)        000F2A
_SPBRG1                                         (abs)        000FAF
_SPBRGH1                                        (abs)        000FD4
_SSP1ADD                                        (abs)        000FC8
_SSP1BUF                                        (abs)        000FC9
_SSP1CON1                                       (abs)        000FC6
_SSP1CON1bits                                   (abs)        000FC6
_SSP1CON2                                       (abs)        000FC5
_SSP1CON2bits                                   (abs)        000FC5
_SSP1STAT                                       (abs)        000FC7
_SSP1STATbits                                   (abs)        000FC7
_SYSTEM_Initialize                              text2        001AD8
_TRISA                                          (abs)        000F92
_TRISB                                          (abs)        000F93
_TRISC                                          (abs)        000F94
_TRISD                                          (abs)        000F95
_TRISE                                          (abs)        000F96
_TRISF                                          (abs)        000F97
_TRISG                                          (abs)        000F98
_TRISH                                          (abs)        000F99
_TXREG1                                         (abs)        000FAD
_TXSTA1                                         (abs)        000FAC
_TXSTA1bits                                     (abs)        000FAC
__HRAM                                          (abs)        000000
__Habs1                                         abs1         000000
__Hbank0                                        bank0        000000
__Hbank1                                        bank1        000000
__Hbank10                                       bank10       000000
__Hbank11                                       bank11       000000
__Hbank12                                       bank12       000000
__Hbank13                                       bank13       000000
__Hbank14                                       bank14       000000
__Hbank15                                       bank15       000000
__Hbank2                                        bank2        000000
__Hbank3                                        bank3        000000
__Hbank4                                        bank4        000000
__Hbank5                                        bank5        000000
__Hbank6                                        bank6        000000
__Hbank7                                        bank7        000000
__Hbank8                                        bank8        000000
__Hbank9                                        bank9        000000
__Hbigbss                                       bigbss       000000
__Hbigdata                                      bigdata      000000
__Hbigram                                       bigram       000000
__Hbigsfr                                       bigsfr       000000
__Hbss                                          bss          000000
__HbssBANK0                                     bssBANK0     000000
__HbssBANK1                                     bssBANK1     000000
__HbssBANK2                                     bssBANK2     000000
__HbssCOMRAM                                    bssCOMRAM    000000
__Hcinit                                        cinit        000000
__Hclrtext                                      clrtext      000000
__Hcomram                                       comram       000000
__Hconfig                                       config       30000E
__Hconst                                        const        000000
__HcstackBANK0                                  cstackBANK0  000000
__HcstackBANK1                                  cstackBANK1  000000
__HcstackCOMRAM                                 cstackCOMRAM 000000
__Hdata                                         data         000000
__Heeprom_data                                  eeprom_data  000000
__Hfarbss                                       farbss       000000
__Hfardata                                      fardata      000000
__Hheap                                         heap         000000
__Hibigdata                                     ibigdata     000000
__Hidata                                        idata        000000
__Hidloc                                        idloc        200008
__Hifardata                                     ifardata     000000
__Hinit                                         init         000004
__Hintcode                                      intcode      000000
__Hintcode_body                                 intcode_body 000000
__Hintcodelo                                    intcodelo    000000
__Hintentry                                     intentry     000000
__Hintret                                       intret       000000
__Hintsave_regs                                 intsave_regs 000000
__Hirdata                                       irdata       000000
__Hmediumconst                                  mediumconst  000000
__HnvBANK0                                      nvBANK0      000000
__HnvFARRAM                                     nvFARRAM     000000
__Hnvbit                                        nvbit        000000
__Hnvrram                                       nvrram       000000
__Hparam                                        rparam       000000
__Hpowerup                                      powerup      000000
__Hram                                          ram          000000
__Hramtop                                       ramtop       001000
__Hrbit                                         rbit         000000
__Hrbss                                         rbss         000000
__Hrdata                                        rdata        000000
__Hreset_vec                                    reset_vec    000000
__Hrparam                                       rparam       000000
__Hsfr                                          sfr          000000
__Hsmallconst                                   smallconst   001032
__Hspace_0                                      (abs)        001BDE
__Hspace_1                                      (abs)        000280
__Hspace_2                                      (abs)        000000
__Hspace_4                                      (abs)        60000E
__Hstack                                        stack        000000
__Hstruct                                       struct       000000
__Htemp                                         temp         000000
__Htext                                         text         000000
__Htext0                                        text0        000000
__Htext1                                        text1        000000
__Htext10                                       text10       000000
__Htext11                                       text11       000000
__Htext12                                       text12       000000
__Htext13                                       text13       000000
__Htext14                                       text14       000000
__Htext15                                       text15       000000
__Htext16                                       text16       000000
__Htext17                                       text17       000000
__Htext18                                       text18       000000
__Htext19                                       text19       000000
__Htext2                                        text2        000000
__Htext20                                       text20       000000
__Htext21                                       text21       000000
__Htext22                                       text22       000000
__Htext23                                       text23       000000
__Htext24                                       text24       000000
__Htext25                                       text25       000000
__Htext26                                       text26       000000
__Htext27                                       text27       000000
__Htext28                                       text28       000000
__Htext29                                       text29       000000
__Htext3                                        text3        000000
__Htext30                                       text30       000000
__Htext31                                       text31       000000
__Htext32                                       text32       000000
__Htext33                                       text33       000000
__Htext34                                       text34       000000
__Htext35                                       text35       000000
__Htext36                                       text36       000000
__Htext37                                       text37       000000
__Htext38                                       text38       000000
__Htext39                                       text39       000000
__Htext4                                        text4        000000
__Htext40                                       text40       000000
__Htext41                                       text41       000000
__Htext42                                       text42       000000
__Htext43                                       text43       000000
__Htext44                                       text44       000000
__Htext45                                       text45       000000
__Htext46                                       text46       000000
__Htext47                                       text47       000000
__Htext48                                       text48       000000
__Htext49                                       text49       000000
__Htext5                                        text5        000000
__Htext50                                       text50       000000
__Htext51                                       text51       000000
__Htext52                                       text52       000000
__Htext53                                       text53       000000
__Htext54                                       text54       000000
__Htext55                                       text55       000000
__Htext56                                       text56       000000
__Htext57                                       text57       000000
__Htext58                                       text58       000000
__Htext59                                       text59       000000
__Htext6                                        text6        000000
__Htext60                                       text60       000000
__Htext61                                       text61       000000
__Htext62                                       text62       000000
__Htext63                                       text63       000000
__Htext64                                       text64       000000
__Htext7                                        text7        000000
__Htext8                                        text8        000000
__Htext9                                        text9        000000
__LRAM                                          (abs)        000001
__Labs1                                         abs1         000000
__Lbank0                                        bank0        000000
__Lbank1                                        bank1        000000
__Lbank10                                       bank10       000000
__Lbank11                                       bank11       000000
__Lbank12                                       bank12       000000
__Lbank13                                       bank13       000000
__Lbank14                                       bank14       000000
__Lbank15                                       bank15       000000
__Lbank2                                        bank2        000000
__Lbank3                                        bank3        000000
__Lbank4                                        bank4        000000
__Lbank5                                        bank5        000000
__Lbank6                                        bank6        000000
__Lbank7                                        bank7        000000
__Lbank8                                        bank8        000000
__Lbank9                                        bank9        000000
__Lbigbss                                       bigbss       000000
__Lbigdata                                      bigdata      000000
__Lbigram                                       bigram       000000
__Lbigsfr                                       bigsfr       000000
__Lbss                                          bss          000000
__LbssBANK0                                     bssBANK0     000000
__LbssBANK1                                     bssBANK1     000000
__LbssBANK2                                     bssBANK2     000000
__LbssCOMRAM                                    bssCOMRAM    000000
__Lcinit                                        cinit        000000
__Lclrtext                                      clrtext      000000
__Lcomram                                       comram       000000
__Lconfig                                       config       000000
__Lconst                                        const        000000
__LcstackBANK0                                  cstackBANK0  000000
__LcstackBANK1                                  cstackBANK1  000000
__LcstackCOMRAM                                 cstackCOMRAM 000000
__Ldata                                         data         000000
__Leeprom_data                                  eeprom_data  000000
__Lfarbss                                       farbss       000000
__Lfardata                                      fardata      000000
__Lheap                                         heap         000000
__Libigdata                                     ibigdata     000000
__Lidata                                        idata        000000
__Lidloc                                        idloc        000000
__Lifardata                                     ifardata     000000
__Linit                                         init         000000
__Lintcode                                      intcode      000000
__Lintcode_body                                 intcode_body 000000
__Lintcodelo                                    intcodelo    000000
__Lintentry                                     intentry     000000
__Lintret                                       intret       000000
__Lintsave_regs                                 intsave_regs 000000
__Lirdata                                       irdata       000000
__Lmediumconst                                  mediumconst  000000
__LnvBANK0                                      nvBANK0      000000
__LnvFARRAM                                     nvFARRAM     000000
__Lnvbit                                        nvbit        000000
__Lnvrram                                       nvrram       000000
__Lparam                                        rparam       000000
__Lpowerup                                      powerup      000000
__Lram                                          ram          000000
__Lramtop                                       ramtop       001000
__Lrbit                                         rbit         000000
__Lrbss                                         rbss         000000
__Lrdata                                        rdata        000000
__Lreset_vec                                    reset_vec    000000
__Lrparam                                       rparam       000000
__Lsfr                                          sfr          000000
__Lsmallconst                                   smallconst   001000
__Lspace_0                                      (abs)        000000
__Lspace_1                                      (abs)        000000
__Lspace_2                                      (abs)        000000
__Lspace_4                                      (abs)        000000
__Lstack                                        stack        000000
__Lstruct                                       struct       000000
__Ltemp                                         temp         000000
__Ltext                                         text         000000
__Ltext0                                        text0        000000
__Ltext1                                        text1        000000
__Ltext10                                       text10       000000
__Ltext11                                       text11       000000
__Ltext12                                       text12       000000
__Ltext13                                       text13       000000
__Ltext14                                       text14       000000
__Ltext15                                       text15       000000
__Ltext16                                       text16       000000
__Ltext17                                       text17       000000
__Ltext18                                       text18       000000
__Ltext19                                       text19       000000
__Ltext2                                        text2        000000
__Ltext20                                       text20       000000
__Ltext21                                       text21       000000
__Ltext22                                       text22       000000
__Ltext23                                       text23       000000
__Ltext24                                       text24       000000
__Ltext25                                       text25       000000
__Ltext26                                       text26       000000
__Ltext27                                       text27       000000
__Ltext28                                       text28       000000
__Ltext29                                       text29       000000
__Ltext3                                        text3        000000
__Ltext30                                       text30       000000
__Ltext31                                       text31       000000
__Ltext32                                       text32       000000
__Ltext33                                       text33       000000
__Ltext34                                       text34       000000
__Ltext35                                       text35       000000
__Ltext36                                       text36       000000
__Ltext37                                       text37       000000
__Ltext38                                       text38       000000
__Ltext39                                       text39       000000
__Ltext4                                        text4        000000
__Ltext40                                       text40       000000
__Ltext41                                       text41       000000
__Ltext42                                       text42       000000
__Ltext43                                       text43       000000
__Ltext44                                       text44       000000
__Ltext45                                       text45       000000
__Ltext46                                       text46       000000
__Ltext47                                       text47       000000
__Ltext48                                       text48       000000
__Ltext49                                       text49       000000
__Ltext5                                        text5        000000
__Ltext50                                       text50       000000
__Ltext51                                       text51       000000
__Ltext52                                       text52       000000
__Ltext53                                       text53       000000
__Ltext54                                       text54       000000
__Ltext55                                       text55       000000
__Ltext56                                       text56       000000
__Ltext57                                       text57       000000
__Ltext58                                       text58       000000
__Ltext59                                       text59       000000
__Ltext6                                        text6        000000
__Ltext60                                       text60       000000
__Ltext61                                       text61       000000
__Ltext62                                       text62       000000
__Ltext63                                       text63       000000
__Ltext64                                       text64       000000
__Ltext7                                        text7        000000
__Ltext8                                        text8        000000
__Ltext9                                        text9        000000
__S0                                            (abs)        001BDE
__S1                                            (abs)        000280
__S4                                            (abs)        000000
__S5                                            (abs)        000000
___extmem_base                                  (abs)        020000
___heap_hi                                      (abs)        000000
___heap_lo                                      (abs)        000000
___inthi_sp                                     stack        000000
___intlo_sp                                     stack        000000
___param_bank                                   (abs)        000000
___rparam_used                                  (abs)        000001
___sp                                           stack        000000
__accesstop                                     (abs)        000060
__activetblptr                                  (abs)        000003
__end_of_EUSART1_Initialize                     text6        00179C
__end_of_EUSART1_SetErrorHandler                text9        001B24
__end_of_EUSART1_SetFramingErrorHandler         text8        001B16
__end_of_EUSART1_SetOverrunErrorHandler         text7        001B08
__end_of_EUSART1_Write                          text63       001A9C
__end_of_I2C1_CallbackReturnReset               text46       001BC2
__end_of_I2C1_CallbackReturnStop                text47       001BC6
__end_of_I2C1_Close                             text59       0019EE
__end_of_I2C1_DO_ADDRESS_NACK                   text23       0016EE
__end_of_I2C1_DO_IDLE                           text37       001B5E
__end_of_I2C1_DO_RCEN                           text32       001B54
__end_of_I2C1_DO_RESET                          text24       001B4A
__end_of_I2C1_DO_RX                             text33       00137E
__end_of_I2C1_DO_RX_ACK                         text27       001B7E
__end_of_I2C1_DO_RX_NACK_RESTART                text25       001B6E
__end_of_I2C1_DO_RX_NACK_STOP                   text26       001B76
__end_of_I2C1_DO_SEND_ADR_READ                  text36       001B40
__end_of_I2C1_DO_SEND_ADR_WRITE                 text35       001B32
__end_of_I2C1_DO_SEND_RESTART                   text29       001B8E
__end_of_I2C1_DO_SEND_RESTART_READ              text31       001B9E
__end_of_I2C1_DO_SEND_RESTART_WRITE             text30       001B96
__end_of_I2C1_DO_SEND_STOP                      text28       001B86
__end_of_I2C1_DO_TX                             text34       00121C
__end_of_I2C1_DO_TX_EMPTY                       text38       0015A4
__end_of_I2C1_Initialize                        text5        001AC4
__end_of_I2C1_MasterClearIrq                    text62       001BDE
__end_of_I2C1_MasterClose                       text61       001BDA
__end_of_I2C1_MasterDisableIrq                  text60       001BD6
__end_of_I2C1_MasterEnableRestart               text57       001BCE
__end_of_I2C1_MasterFsm                         text22       001752
__end_of_I2C1_MasterGetRxData                   text43       001BBA
__end_of_I2C1_MasterIsNack                      text40       001AD8
__end_of_I2C1_MasterOpen                        text17       001A10
__end_of_I2C1_MasterOperation                   text19       001822
__end_of_I2C1_MasterSendAck                     text42       001BAC
__end_of_I2C1_MasterSendNack                    text44       001BB2
__end_of_I2C1_MasterSendTxData                  text41       001BA6
__end_of_I2C1_MasterSetIrq                      text39       001BB6
__end_of_I2C1_MasterStart                       text58       001BD2
__end_of_I2C1_MasterStartRx                     text45       001BBE
__end_of_I2C1_MasterStop                        text56       001BCA
__end_of_I2C1_MasterWaitForEvent                text21       001AFA
__end_of_I2C1_MasterWrite                       text18       001B66
__end_of_I2C1_Open                              text16       00141E
__end_of_I2C1_Poller                            text20       001A6A
__end_of_I2C1_ReadDataBlock                     text11       0014A4
__end_of_I2C1_SetAddressNackCallback            text15       001A4E
__end_of_I2C1_SetBuffer                         text55       001A32
__end_of_I2C1_SetCallback                       text54       001528
__end_of_I2C1_SetDataCompleteCallback           text53       001A86
__end_of_I2C1_Write1ByteRegister                text14       00161A
__end_of_MAX30100_FIFO_init                     text13       0019C4
__end_of_MAX30100_init                          text12       0018A2
__end_of_MAX30100_read_led_data                 text10       001684
__end_of_OSCILLATOR_Initialize                  text4        001AB0
__end_of_PIN_MANAGER_Initialize                 text3        001862
__end_of_SYSTEM_Initialize                      text2        001AEA
__end_of__initialization                        cinit        0018D2
__end_of_i2c1_fsmStateTable                     smallconst   001031
__end_of_main                                   text0        001158
__end_of_rd1RegCompleteHandler                  text51       001968
__end_of_rd2RegCompleteHandler                  text50       001938
__end_of_rdBlkRegCompleteHandler                text48       0017E0
__end_of_srednja_vrednost                       text1        0012D8
__end_of_wr1RegCompleteHandler                  text49       001908
__end_of_wr2RegCompleteHandler                  text52       001998
__initialization                                cinit        0018A2
__mediumconst                                   mediumconst  000000
__pbssBANK0                                     bssBANK0     0000E9
__pbssBANK1                                     bssBANK1     000100
__pbssBANK2                                     bssBANK2     000200
__pbssCOMRAM                                    bssCOMRAM    000001
__pcinit                                        cinit        0018A2
__pcstackBANK0                                  cstackBANK0  000060
__pcstackBANK1                                  cstackBANK1  000180
__pcstackCOMRAM                                 cstackCOMRAM 000030
__pnvBANK0                                      nvBANK0      0000E0
__psmallconst                                   smallconst   001000
__ptext0                                        text0        001032
__ptext1                                        text1        00121C
__ptext10                                       text10       00161A
__ptext11                                       text11       00141E
__ptext12                                       text12       001862
__ptext13                                       text13       001998
__ptext14                                       text14       0015A4
__ptext15                                       text15       001A32
__ptext16                                       text16       00137E
__ptext17                                       text17       0019EE
__ptext18                                       text18       001B5E
__ptext19                                       text19       0017E0
__ptext2                                        text2        001AD8
__ptext20                                       text20       001A4E
__ptext21                                       text21       001AEA
__ptext22                                       text22       0016EE
__ptext23                                       text23       001684
__ptext24                                       text24       001B40
__ptext25                                       text25       001B66
__ptext26                                       text26       001B6E
__ptext27                                       text27       001B76
__ptext28                                       text28       001B7E
__ptext29                                       text29       001B86
__ptext3                                        text3        001822
__ptext30                                       text30       001B8E
__ptext31                                       text31       001B96
__ptext32                                       text32       001B4A
__ptext33                                       text33       0012D8
__ptext34                                       text34       001158
__ptext35                                       text35       001B24
__ptext36                                       text36       001B32
__ptext37                                       text37       001B54
__ptext38                                       text38       001528
__ptext39                                       text39       001BB2
__ptext4                                        text4        001A9C
__ptext40                                       text40       001AC4
__ptext41                                       text41       001B9E
__ptext42                                       text42       001BA6
__ptext43                                       text43       001BB6
__ptext44                                       text44       001BAC
__ptext45                                       text45       001BBA
__ptext46                                       text46       001BBE
__ptext47                                       text47       001BC2
__ptext48                                       text48       00179C
__ptext49                                       text49       0018D8
__ptext5                                        text5        001AB0
__ptext50                                       text50       001908
__ptext51                                       text51       001938
__ptext52                                       text52       001968
__ptext53                                       text53       001A6A
__ptext54                                       text54       0014A4
__ptext55                                       text55       001A10
__ptext56                                       text56       001BC6
__ptext57                                       text57       001BCA
__ptext58                                       text58       001BCE
__ptext59                                       text59       0019C4
__ptext6                                        text6        001752
__ptext60                                       text60       001BD2
__ptext61                                       text61       001BD6
__ptext62                                       text62       001BDA
__ptext63                                       text63       001A86
__ptext64                                       text64       000000
__ptext7                                        text7        001AFA
__ptext8                                        text8        001B08
__ptext9                                        text9        001B16
__ramtop                                        ramtop       001000
__smallconst                                    smallconst   001000
_eusart1RxLastError                             bssCOMRAM    00002F
_i2c1_fsmStateTable                             smallconst   001001
_main                                           text0        001032
_main$1428                                      cstackCOMRAM 000051
_rd1RegCompleteHandler                          text51       001938
_rd2RegCompleteHandler                          text50       001908
_rdBlkRegCompleteHandler                        text48       00179C
_srednja_vrednost                               text1        00121C
_wr1RegCompleteHandler                          text49       0018D8
_wr2RegCompleteHandler                          text52       001968
end_of_initialization                           cinit        0018D2
intlevel0                                       text         000000
intlevel1                                       text         000000
intlevel2                                       text         000000
intlevel3                                       text         000000
isa$std                                         (abs)        000001
isa$xinst                                       (abs)        000000
main@i                                          cstackCOMRAM 00005D
main@ir_niz                                     cstackBANK1  000180
main@ir_srednje                                 cstackCOMRAM 000053
main@red_niz                                    cstackBANK0  000060
main@senzor                                     cstackCOMRAM 000055
rd1RegCompleteHandler@ptr                       cstackCOMRAM 00003B
rd2RegCompleteHandler@ptr                       cstackCOMRAM 00003B
rdBlkRegCompleteHandler@ptr                     cstackCOMRAM 00003B
srednja_vrednost@indeks                         cstackCOMRAM 000032
srednja_vrednost@najstariji_indeks              cstackCOMRAM 00003B
srednja_vrednost@niz                            cstackCOMRAM 000030
srednja_vrednost@suma                           bssBANK0     0000E9
stackhi                                         (abs)        000000
stacklo                                         (abs)        000000
start                                           init         000000
start_initialization                            cinit        0018A2
wr1RegCompleteHandler@ptr                       cstackCOMRAM 00003B
wr2RegCompleteHandler@ptr                       cstackCOMRAM 00003B


MODULE INFORMATION

Module		Function		Class		Link	Load	Size
mcc_generated_files/examples/i2c1_master_example.c
		_wr1RegCompleteHandler		CODE           	18D8	0000	48
		_wr2RegCompleteHandler		CODE           	1968	0000	48
		_I2C1_ReadDataBlock		CODE           	141E	0000	134
		_I2C1_Write1ByteRegister		CODE           	15A4	0000	118
		_rdBlkRegCompleteHandler		CODE           	179C	0000	68
		_rd1RegCompleteHandler		CODE           	1938	0000	48
		_rd2RegCompleteHandler		CODE           	1908	0000	48

mcc_generated_files/examples/i2c1_master_example.c estimated size: 512

mcc_generated_files/i2c1_master.c
		_I2C1_DO_SEND_RESTART		CODE           	1B86	0000	8
		_I2C1_DO_TX_EMPTY		CODE           	1528	0000	124
		_I2C1_DO_SEND_RESTART_READ		CODE           	1B96	0000	8
		_I2C1_CallbackReturnStop		CODE           	1BC2	0000	4
		_I2C1_DO_RX    		CODE           	12D8	0000	166
		_I2C1_DO_TX    		CODE           	1158	0000	196
		_I2C1_SetAddressNackCallback		CODE           	1A32	0000	28
		_I2C1_DO_IDLE  		CODE           	1B54	0000	10
		_I2C1_MasterOpen		CODE           	19EE	0000	34
		_I2C1_DO_RCEN  		CODE           	1B4A	0000	10
		_I2C1_MasterSendTxData		CODE           	1B9E	0000	8
		_I2C1_MasterStop		CODE           	1BC6	0000	4
		_I2C1_CallbackReturnReset		CODE           	1BBE	0000	4
		_I2C1_DO_RESET 		CODE           	1B40	0000	10
		_I2C1_MasterStartRx		CODE           	1BBA	0000	4
		_I2C1_Poller   		CODE           	1A4E	0000	28
		_I2C1_DO_RX_ACK		CODE           	1B76	0000	8
		_I2C1_MasterWaitForEvent		CODE           	1AEA	0000	16
		_I2C1_MasterSendNack		CODE           	1BAC	0000	6
		_I2C1_DO_RX_NACK_RESTART		CODE           	1B66	0000	8
		_I2C1_MasterDisableIrq		CODE           	1BD2	0000	4
		_I2C1_MasterOperation		CODE           	17E0	0000	66
		_I2C1_SetCallback		CODE           	14A4	0000	132
		_I2C1_MasterEnableRestart		CODE           	1BCA	0000	4
		_I2C1_Open     		CODE           	137E	0000	160
		_I2C1_DO_ADDRESS_NACK		CODE           	1684	0000	106
		_I2C1_SetBuffer		CODE           	1A10	0000	34
		_I2C1_DO_SEND_RESTART_WRITE		CODE           	1B8E	0000	8
		_I2C1_MasterClose		CODE           	1BD6	0000	4
		_I2C1_MasterWrite		CODE           	1B5E	0000	8
		_I2C1_Initialize		CODE           	1AB0	0000	20
		_I2C1_Close    		CODE           	19C4	0000	42
		_I2C1_MasterIsNack		CODE           	1AC4	0000	20
		_I2C1_MasterStart		CODE           	1BCE	0000	4
		_I2C1_DO_SEND_ADR_WRITE		CODE           	1B24	0000	14
		_I2C1_MasterClearIrq		CODE           	1BDA	0000	4
		_I2C1_SetDataCompleteCallback		CODE           	1A6A	0000	28
		_I2C1_DO_SEND_STOP		CODE           	1B7E	0000	8
		_I2C1_MasterSendAck		CODE           	1BA6	0000	6
		_I2C1_MasterFsm		CODE           	16EE	0000	100
		_I2C1_MasterGetRxData		CODE           	1BB6	0000	4
		_I2C1_MasterSetIrq		CODE           	1BB2	0000	4
		_I2C1_DO_SEND_ADR_READ		CODE           	1B32	0000	14
		_I2C1_DO_RX_NACK_STOP		CODE           	1B6E	0000	8

mcc_generated_files/i2c1_master.c estimated size: 1486

max30100.c
		_MAX30100_FIFO_init		CODE           	1998	0000	44
		_MAX30100_init 		CODE           	1862	0000	64
		_MAX30100_read_led_data		CODE           	161A	0000	106

max30100.c estimated size: 214

mcc_generated_files/pin_manager.c
		_PIN_MANAGER_Initialize		CODE           	1822	0000	64

mcc_generated_files/pin_manager.c estimated size: 64

shared
		__initialization		CODE           	18A2	0000	48
		_i2c1_fsmStateTable		SMALLCONST     	1001	0000	48

shared estimated size: 96

mcc_generated_files/eusart1.c
		_EUSART1_Initialize		CODE           	1752	0000	74
		_EUSART1_SetFramingErrorHandler		CODE           	1B08	0000	14
		_EUSART1_SetOverrunErrorHandler		CODE           	1AFA	0000	14
		_EUSART1_SetErrorHandler		CODE           	1B16	0000	14
		_EUSART1_Write 		CODE           	1A86	0000	22

mcc_generated_files/eusart1.c estimated size: 138

mcc_generated_files/mcc.c
		_OSCILLATOR_Initialize		CODE           	1A9C	0000	20
		_SYSTEM_Initialize		CODE           	1AD8	0000	18

mcc_generated_files/mcc.c estimated size: 38

main.c
		_srednja_vrednost		CODE           	121C	0000	188
		_main          		CODE           	1032	0000	294

main.c estimated size: 482

